Microchip MPLAB XC8 Compiler V1.40 ()

Linker command line:

-W-3 --edf=C:\Program Files (x86)\Microchip\xc8\v1.40\dat\en_msgs.txt -cs \
  -h+dist/default/debug\test.X.debug.sym \
  --cmf=dist/default/debug\test.X.debug.cmf -z -Q18F4620 \
  -oC:\Users\joshk\AppData\Local\Temp\s1so.2 \
  -Mdist/default/debug/test.X.debug.map -E1 -ver=XC8 -ASTACK=080h-0eeeh \
  -pstack=STACK -ACODE=00h-0FCFFh -ACONST=00h-0FCFFh \
  -ASMALLCONST=01000h-010FFhx237 -AMEDIUMCONST=01000h-0FCFFh \
  -ACOMRAM=01h-07Fh -AABS1=00h-0EEEh,0F00h-0F7Fh \
  -ABIGRAM=01h-0EEEh,0F00h-0F7Fh \
  -ARAM=080h-0FFh,0100h-01FFhx13,0E00h-0EEEh,0F00h-0F7Fh -ABANK0=080h-0FFh \
  -ABANK1=0100h-01FFh -ABANK2=0200h-02FFh -ABANK3=0300h-03FFh \
  -ABANK4=0400h-04FFh -ABANK5=0500h-05FFh -ABANK6=0600h-06FFh \
  -ABANK7=0700h-07FFh -ABANK8=0800h-08FFh -ABANK9=0900h-09FFh \
  -ABANK10=0A00h-0AFFh -ABANK11=0B00h-0BFFh -ABANK12=0C00h-0CFFh \
  -ABANK13=0D00h-0DFFh -ABANK14=0E00h-0EEEh -ABANK15=0F00h-0F7Fh \
  -ASFR=0F80h-0F9Bh,0F9Dh-0FD3h,0FD5h-0FDAh,0FE0h-0FE2h,0FE8h-0FEAh,0FF0h-0FFBh \
  -preset_vec=00h,intcode,intcodelo,powerup,init -pramtop=01000h \
  -psmallconst=SMALLCONST -pmediumconst=MEDIUMCONST -pconst=CONST \
  -AFARRAM=00h-00h -ACONFIG=0300000h-030000Dh -pconfig=CONFIG \
  -AIDLOC=0200000h-0200007h -pidloc=IDLOC -AEEDATA=0F00000h-0F003FFh \
  -peeprom_data=EEDATA \
  -prdata=COMRAM,nvrram=COMRAM,nvbit=COMRAM,rbss=COMRAM,rbit=COMRAM \
  -pfarbss=FARRAM,fardata=FARRAM,nvFARRAM=FARRAM \
  -pintsave_regs=BIGRAM,bigbss=BIGRAM,bigdata=BIGRAM -pbss=RAM \
  -pidata=CODE,irdata=CODE,ibigdata=CODE,ifardata=CODE -prparam=COMRAM \
  C:\Users\joshk\AppData\Local\Temp\s1so.obj \
  dist/default/debug\test.X.debug.obj 

Object code version is 3.11

Machine type is 18F4620

Call graph: (short form)




                Name                               Link     Load   Length Selector   Space Scale
C:\Users\joshk\AppData\Local\Temp\s1so.obj
                init                                  2        2        4        0       0
                reset_vec                             0        0        2        0       0
                idloc                            200000   200000        8   200000       0
                config                           300000   300000        E   300000       0
dist/default/debug\test.X.debug.obj
                smallconst                         1000     1000       94      800       0
                text19                             15CA     15CA       82      84A       0
                text18                             16BE     16BE       5A      84A       0
                text17                             184C     184C       44      84A       0
                text16                             176A     176A       4E      84A       0
                text15                             1918     1918        C      84A       0
                text14                             17B8     17B8       4C      84A       0
                text13                             1718     1718       52      84A       0
                text12                             18B6     18B6       26      84A       0
                text11                             18DC     18DC       1E      84A       0
                text10                             190C     190C        C      84A       0
                text9                              1094     1094      2BE      84A       0
                text8                              18FA     18FA       12      84A       0
                text7                              1890     1890       26      84A       0
                text6                              1936     1936        8      84A       0
                text5                              192E     192E        8      84A       0
                text4                              1924     1924        A      84A       0
                text3                              164C     164C       72      84A       0
                text2                              14F4     14F4       D6      84A       0
                text1                              1804     1804       48      84A       0
                text0                              1352     1352      1A2      84A       0
                cstackCOMRAM                          1        1       40        1       1
                cinit                              193E     193E        6      84A       0

TOTAL           Name                               Link     Load   Length     Space
        CLASS   STACK          

        CLASS   CODE           
                init                                  2        2        4         0
                reset_vec                             0        0        2         0
                text19                             15CA     15CA       82         0
                text18                             16BE     16BE       5A         0
                text17                             184C     184C       44         0
                text16                             176A     176A       4E         0
                text15                             1918     1918        C         0
                text14                             17B8     17B8       4C         0
                text13                             1718     1718       52         0
                text12                             18B6     18B6       26         0
                text11                             18DC     18DC       1E         0
                text10                             190C     190C        C         0
                text9                              1094     1094      2BE         0
                text8                              18FA     18FA       12         0
                text7                              1890     1890       26         0
                text6                              1936     1936        8         0
                text5                              192E     192E        8         0
                text4                              1924     1924        A         0
                text3                              164C     164C       72         0
                text2                              14F4     14F4       D6         0
                text1                              1804     1804       48         0
                text0                              1352     1352      1A2         0
                cinit                              193E     193E        6         0

        CLASS   CONST          

        CLASS   SMALLCONST     
                smallconst                         1000     1000       94         0

        CLASS   MEDIUMCONST    

        CLASS   COMRAM         
                cstackCOMRAM                          1        1       40         1

        CLASS   ABS1           

        CLASS   BIGRAM         

        CLASS   RAM            

        CLASS   BANK0          

        CLASS   BANK1          

        CLASS   BANK2          

        CLASS   BANK3          

        CLASS   BANK4          

        CLASS   BANK5          

        CLASS   BANK6          

        CLASS   BANK7          

        CLASS   BANK8          

        CLASS   BANK9          

        CLASS   BANK10         

        CLASS   BANK11         

        CLASS   BANK12         

        CLASS   BANK13         

        CLASS   BANK14         

        CLASS   BANK15         

        CLASS   SFR            

        CLASS   FARRAM         

        CLASS   CONFIG         
                config                           300000   300000        E         0

        CLASS   IDLOC          
                idloc                            200000   200000        8         0

        CLASS   EEDATA         



SEGMENTS        Name                           Load    Length   Top    Selector   Space  Class

                reset_vec                      000000  000006  000006         0       0  CODE    
                cstackCOMRAM                   000001  000040  000041         1       1  COMRAM  
                smallconst                     001000  000094  001094       800       0  SMALLCON
                text9                          001094  0008B0  001944       84A       0  CODE    
                idloc                          200000  000008  200008    200000       0  IDLOC   
                config                         300000  00000E  30000E    300000       0  CONFIG  


UNUSED ADDRESS RANGES

        Name                Unused          Largest block    Delta
        BANK0            000080-0000FF               80
        BANK1            000100-0001FF              100
        BANK10           000A00-000AFF              100
        BANK11           000B00-000BFF              100
        BANK12           000C00-000CFF              100
        BANK13           000D00-000DFF              100
        BANK14           000E00-000EEE               EF
        BANK15           000F00-000F7F               80
        BANK2            000200-0002FF              100
        BANK3            000300-0003FF              100
        BANK4            000400-0004FF              100
        BANK5            000500-0005FF              100
        BANK6            000600-0006FF              100
        BANK7            000700-0007FF              100
        BANK8            000800-0008FF              100
        BANK9            000900-0009FF              100
        BIGRAM           000041-000EEE              EAE
                         000F00-000F7F               80
        CODE             000006-000FFF              FFA
                         001944-00FCFF             E3BC
        COMRAM           000041-00007F               3F
        CONST            000006-000FFF              FFA
                         001944-00FCFF             E3BC
        EEDATA           F00000-F003FF              400
        MEDIUMCONST      001944-00FCFF             E3BC
        RAM              000080-000EEE              100
                         000F00-000F7F               80
        SFR              000F80-000F9B               1C
                         000F9D-000FD3               37
                         000FD5-000FDA                6
                         000FE0-000FE2                3
                         000FE8-000FEA                3
                         000FF0-000FFB                C
        SMALLCONST       001944-00FCFF              100
        STACK            000080-000EEE              E6F

                                  Symbol Table

?___lldiv                  cstackCOMRAM 000001
?___lwdiv                  cstackCOMRAM 000001
?___wmul                   cstackCOMRAM 000001
?_printf                   cstackCOMRAM 000008
I2C_Master_Init@c          cstackCOMRAM 00000E
I2C_Master_Read@a          cstackCOMRAM 000002
I2C_Master_Read@temp       cstackCOMRAM 000003
I2C_Master_Write@d         cstackCOMRAM 000002
_ACKDT                     (abs)        007E2D
_ACKEN                     (abs)        007E2C
_ADCON0                    (abs)        000FC2
_ADCON1                    (abs)        000FC1
_I2C_Master_Init           text18       0016BE
_I2C_Master_Read           text7        001890
_I2C_Master_Start          text6        001936
_I2C_Master_Stop           text5        00192E
_I2C_Master_Wait           text8        0018FA
_I2C_Master_Write          text4        001924
_LATA                      (abs)        000F89
_LATB                      (abs)        000F8A
_LATC                      (abs)        000F8B
_LATD                      (abs)        000F8C
_LATDbits                  (abs)        000F8C
_LATE                      (abs)        000F8D
_PEN                       (abs)        007E2A
_PORTB                     (abs)        000F81
_PORTBbits                 (abs)        000F81
_RCEN                      (abs)        007E2B
_RSEN                      (abs)        007E29
_SEN                       (abs)        007E28
_SSPADD                    (abs)        000FC8
_SSPBUF                    (abs)        000FC9
_SSPCON1                   (abs)        000FC6
_SSPCON2                   (abs)        000FC5
_SSPSTAT                   (abs)        000FC7
_TRISA                     (abs)        000F92
_TRISB                     (abs)        000F93
_TRISC                     (abs)        000F94
_TRISC3                    (abs)        007CA3
_TRISC4                    (abs)        007CA4
_TRISD                     (abs)        000F95
_TRISE                     (abs)        000F96
__CFG_BOREN$SBORDIS        (abs)        000000
__CFG_BORV$3               (abs)        000000
__CFG_CCP2MX$PORTC         (abs)        000000
__CFG_CP0$OFF              (abs)        000000
__CFG_CP1$OFF              (abs)        000000
__CFG_CP2$OFF              (abs)        000000
__CFG_CP3$OFF              (abs)        000000
__CFG_CPB$OFF              (abs)        000000
__CFG_CPD$OFF              (abs)        000000
__CFG_EBTR0$OFF            (abs)        000000
__CFG_EBTR1$OFF            (abs)        000000
__CFG_EBTR2$OFF            (abs)        000000
__CFG_EBTR3$OFF            (abs)        000000
__CFG_EBTRB$OFF            (abs)        000000
__CFG_FCMEN$OFF            (abs)        000000
__CFG_IESO$OFF             (abs)        000000
__CFG_LPT1OSC$OFF          (abs)        000000
__CFG_LVP$OFF              (abs)        000000
__CFG_MCLRE$ON             (abs)        000000
__CFG_OSC$HS               (abs)        000000
__CFG_PBADEN$ON            (abs)        000000
__CFG_PWRT$OFF             (abs)        000000
__CFG_STVREN$ON            (abs)        000000
__CFG_WDT$OFF              (abs)        000000
__CFG_WDTPS$32768          (abs)        000000
__CFG_WRT0$OFF             (abs)        000000
__CFG_WRT1$OFF             (abs)        000000
__CFG_WRT2$OFF             (abs)        000000
__CFG_WRT3$OFF             (abs)        000000
__CFG_WRTB$OFF             (abs)        000000
__CFG_WRTC$OFF             (abs)        000000
__CFG_WRTD$OFF             (abs)        000000
__CFG_XINST$OFF            (abs)        000000
__HRAM                     (abs)        000000
__Habs1                    abs1         000000
__Hbank0                   bank0        000000
__Hbank1                   bank1        000000
__Hbank10                  bank10       000000
__Hbank11                  bank11       000000
__Hbank12                  bank12       000000
__Hbank13                  bank13       000000
__Hbank14                  bank14       000000
__Hbank15                  bank15       000000
__Hbank2                   bank2        000000
__Hbank3                   bank3        000000
__Hbank4                   bank4        000000
__Hbank5                   bank5        000000
__Hbank6                   bank6        000000
__Hbank7                   bank7        000000
__Hbank8                   bank8        000000
__Hbank9                   bank9        000000
__Hbigbss                  bigbss       000000
__Hbigdata                 bigdata      000000
__Hbigram                  bigram       000000
__Hbss                     bss          000000
__Hcinit                   cinit        000000
__Hclrtext                 clrtext      000000
__Hcomram                  comram       000000
__Hconfig                  config       30000E
__Hconst                   const        000000
__HcstackCOMRAM            cstackCOMRAM 000000
__Hdata                    data         000000
__Heeprom_data             eeprom_data  000000
__Hfarbss                  farbss       000000
__Hfardata                 fardata      000000
__Hibigdata                ibigdata     000000
__Hidata                   idata        000000
__Hidloc                   idloc        200008
__Hifardata                ifardata     000000
__Hinit                    init         000006
__Hintcode                 intcode      000002
__Hintcode_body            intcode_body 000000
__Hintcodelo               intcodelo    000002
__Hintentry                intentry     000000
__Hintret                  intret       000000
__Hintsave_regs            intsave_regs 000000
__Hirdata                  irdata       000000
__Hmediumconst             mediumconst  000000
__HnvFARRAM                nvFARRAM     000000
__Hnvbit                   nvbit        000000
__Hnvrram                  nvrram       000000
__Hparam                   rparam       000000
__Hpowerup                 powerup      000002
__Hram                     ram          000000
__Hramtop                  ramtop       001000
__Hrbit                    rbit         000000
__Hrbss                    rbss         000000
__Hrdata                   rdata        000000
__Hreset_vec               reset_vec    000002
__Hrparam                  rparam       000000
__Hsfr                     sfr          000000
__Hsmallconst              smallconst   001094
__Hspace_0                 (abs)        30000E
__Hspace_1                 (abs)        000041
__Hspace_2                 (abs)        000000
__Hstack                   stack        000000
__Hstruct                  struct       000000
__Htemp                    temp         000000
__Htext                    text         000000
__Htext0                   text0        000000
__Htext1                   text1        000000
__Htext10                  text10       000000
__Htext11                  text11       000000
__Htext12                  text12       000000
__Htext13                  text13       000000
__Htext14                  text14       000000
__Htext15                  text15       000000
__Htext16                  text16       000000
__Htext17                  text17       000000
__Htext18                  text18       000000
__Htext19                  text19       000000
__Htext2                   text2        000000
__Htext3                   text3        000000
__Htext4                   text4        000000
__Htext5                   text5        000000
__Htext6                   text6        000000
__Htext7                   text7        000000
__Htext8                   text8        000000
__Htext9                   text9        000000
__LRAM                     (abs)        000001
__Labs1                    abs1         000000
__Lbank0                   bank0        000000
__Lbank1                   bank1        000000
__Lbank10                  bank10       000000
__Lbank11                  bank11       000000
__Lbank12                  bank12       000000
__Lbank13                  bank13       000000
__Lbank14                  bank14       000000
__Lbank15                  bank15       000000
__Lbank2                   bank2        000000
__Lbank3                   bank3        000000
__Lbank4                   bank4        000000
__Lbank5                   bank5        000000
__Lbank6                   bank6        000000
__Lbank7                   bank7        000000
__Lbank8                   bank8        000000
__Lbank9                   bank9        000000
__Lbigbss                  bigbss       000000
__Lbigdata                 bigdata      000000
__Lbigram                  bigram       000000
__Lbss                     bss          000000
__Lcinit                   cinit        000000
__Lclrtext                 clrtext      000000
__Lcomram                  comram       000000
__Lconfig                  config       300000
__Lconst                   const        000000
__LcstackCOMRAM            cstackCOMRAM 000000
__Ldata                    data         000000
__Leeprom_data             eeprom_data  000000
__Lfarbss                  farbss       000000
__Lfardata                 fardata      000000
__Libigdata                ibigdata     000000
__Lidata                   idata        000000
__Lidloc                   idloc        200000
__Lifardata                ifardata     000000
__Linit                    init         000002
__Lintcode                 intcode      000002
__Lintcode_body            intcode_body 000000
__Lintcodelo               intcodelo    000002
__Lintentry                intentry     000000
__Lintret                  intret       000000
__Lintsave_regs            intsave_regs 000000
__Lirdata                  irdata       000000
__Lmediumconst             mediumconst  000000
__LnvFARRAM                nvFARRAM     000000
__Lnvbit                   nvbit        000000
__Lnvrram                  nvrram       000000
__Lparam                   rparam       000000
__Lpowerup                 powerup      000002
__Lram                     ram          000000
__Lramtop                  ramtop       001000
__Lrbit                    rbit         000000
__Lrbss                    rbss         000000
__Lrdata                   rdata        000000
__Lreset_vec               reset_vec    000000
__Lrparam                  rparam       000000
__Lsfr                     sfr          000000
__Lsmallconst              smallconst   001000
__Lspace_0                 (abs)        000000
__Lspace_1                 (abs)        000000
__Lspace_2                 (abs)        000000
__Lstack                   stack        000000
__Lstruct                  struct       000000
__Ltemp                    temp         000000
__Ltext                    text         000000
__Ltext0                   text0        000000
__Ltext1                   text1        000000
__Ltext10                  text10       000000
__Ltext11                  text11       000000
__Ltext12                  text12       000000
__Ltext13                  text13       000000
__Ltext14                  text14       000000
__Ltext15                  text15       000000
__Ltext16                  text16       000000
__Ltext17                  text17       000000
__Ltext18                  text18       000000
__Ltext19                  text19       000000
__Ltext2                   text2        000000
__Ltext3                   text3        000000
__Ltext4                   text4        000000
__Ltext5                   text5        000000
__Ltext6                   text6        000000
__Ltext7                   text7        000000
__Ltext8                   text8        000000
__Ltext9                   text9        000000
__S0                       (abs)        30000E
__S1                       (abs)        000041
__S2                       (abs)        000000
___inthi_sp                stack        000000
___intlo_sp                stack        000000
___lldiv                   text19       0015CA
___lldiv@counter           cstackCOMRAM 00000D
___lldiv@dividend          cstackCOMRAM 000001
___lldiv@divisor           cstackCOMRAM 000005
___lldiv@quotient          cstackCOMRAM 000009
___lwdiv                   text13       001718
___lwdiv@counter           cstackCOMRAM 000007
___lwdiv@dividend          cstackCOMRAM 000001
___lwdiv@divisor           cstackCOMRAM 000003
___lwdiv@quotient          cstackCOMRAM 000005
___param_bank              (abs)        000000
___rparam_used             (abs)        000001
___sp                      stack        000000
___wmul                    text12       0018B6
___wmul@multiplicand       cstackCOMRAM 000003
___wmul@multiplier         cstackCOMRAM 000001
___wmul@product            cstackCOMRAM 000005
__accesstop                (abs)        000080
__activetblptr             (abs)        000003
__end_of_I2C_Master_Init   text18       001718
__end_of_I2C_Master_Read   text7        0018B6
__end_of_I2C_Master_Start  text6        00193E
__end_of_I2C_Master_Stop   text5        001936
__end_of_I2C_Master_Wait   text8        00190C
__end_of_I2C_Master_Write  text4        00192E
__end_of___lldiv           text19       00164C
__end_of___lwdiv           text13       00176A
__end_of___wmul            text12       0018DC
__end_of__initialization   cinit        00193E
__end_of_delay             text17       001890
__end_of_happynewyear      smallconst   001021
__end_of_hexpowers         smallconst   00101A
__end_of_initLCD           text14       001804
__end_of_isdigit           text11       0018FA
__end_of_keys              smallconst   001012
__end_of_lcdInst           text15       001924
__end_of_lcdNibble         text16       0017B8
__end_of_main              text0        0014F4
__end_of_printf            text9        001352
__end_of_putch             text10       001918
__end_of_stand_by          text2        0015CA
__end_of_time_difference   text1        00184C
__end_of_update_time       text3        0016BE
__initialization           cinit        00193E
__mediumconst              mediumconst  000000
__pcinit                   cinit        00193E
__pcstackCOMRAM            cstackCOMRAM 000001
__psmallconst              smallconst   001000
__ptext0                   text0        001352
__ptext1                   text1        001804
__ptext10                  text10       00190C
__ptext11                  text11       0018DC
__ptext12                  text12       0018B6
__ptext13                  text13       001718
__ptext14                  text14       0017B8
__ptext15                  text15       001918
__ptext16                  text16       00176A
__ptext17                  text17       00184C
__ptext18                  text18       0016BE
__ptext19                  text19       0015CA
__ptext2                   text2        0014F4
__ptext3                   text3        00164C
__ptext4                   text4        001924
__ptext5                   text5        00192E
__ptext6                   text6        001936
__ptext7                   text7        001890
__ptext8                   text8        0018FA
__ptext9                   text9        001094
__ramtop                   ramtop       001000
__size_of_I2C_Master_Init  (abs)        000000
__size_of_I2C_Master_Read  (abs)        000000
__size_of_I2C_Master_Start (abs)        000000
__size_of_I2C_Master_Stop  (abs)        000000
__size_of_I2C_Master_Wait  (abs)        000000
__size_of_I2C_Master_Write (abs)        000000
__size_of___lldiv          (abs)        000000
__size_of___lwdiv          (abs)        000000
__size_of___wmul           (abs)        000000
__size_of_delay            (abs)        000000
__size_of_initLCD          (abs)        000000
__size_of_isdigit          (abs)        000000
__size_of_lcdInst          (abs)        000000
__size_of_lcdNibble        (abs)        000000
__size_of_main             (abs)        000000
__size_of_printf           (abs)        000000
__size_of_putch            (abs)        000000
__size_of_stand_by         (abs)        000000
__size_of_time_difference  (abs)        000000
__size_of_update_time      (abs)        000000
__smallconst               smallconst   001000
_delay                     text17       00184C
_happynewyear              smallconst   00101A
_hexpowers                 smallconst   001012
_initLCD                   text14       0017B8
_isdigit                   text11       0018DC
_isdigit$544               cstackCOMRAM 000002
_keys                      smallconst   001001
_lcdInst                   text15       001918
_lcdNibble                 text16       00176A
_main                      text0        001352
_nRBPU                     (abs)        007F8F
_printf                    text9        001094
_putch                     text10       00190C
_stand_by                  text2        0014F4
_time_difference           text1        001804
_update_time               text3        00164C
delay@i                    cstackCOMRAM 000004
delay@i_197                cstackCOMRAM 000006
delay@seconds              cstackCOMRAM 000001
end_of_initialization      cinit        00193E
intlevel0                  text         000000
intlevel1                  text         000000
intlevel2                  text         000000
intlevel3                  text         000000
isdigit@c                  cstackCOMRAM 000003
lcdInst@data               cstackCOMRAM 000003
lcdNibble@data             cstackCOMRAM 000002
lcdNibble@temp             cstackCOMRAM 000001
main@d                     cstackCOMRAM 000040
main@end_time              cstackCOMRAM 000039
main@start_time            cstackCOMRAM 000032
main@time                  cstackCOMRAM 00002B
printf@ap                  cstackCOMRAM 000015
printf@c                   cstackCOMRAM 000022
printf@cp                  cstackCOMRAM 000017
printf@f                   cstackCOMRAM 000008
printf@flag                cstackCOMRAM 00001A
printf@idx                 cstackCOMRAM 000019
printf@len                 cstackCOMRAM 00001E
printf@prec                cstackCOMRAM 00001D
printf@val                 cstackCOMRAM 00001B
printf@width               cstackCOMRAM 000020
putch@data                 cstackCOMRAM 000003
stackhi                    (abs)        000EEE
stacklo                    (abs)        000080
stand_by@time              cstackCOMRAM 000023
start                      init         000002
start_initialization       cinit        00193E
time_difference@sec        cstackCOMRAM 000006
time_difference@time1      cstackCOMRAM 000001
time_difference@time2      cstackCOMRAM 000003
update_time@i              cstackCOMRAM 000006
update_time@time           cstackCOMRAM 000004


FUNCTION INFORMATION:

 *************** function _main *****************
 Defined at:
		line 33 in file "main.c"
 Parameters:    Size  Location     Type
		None
 Auto vars:     Size  Location     Type
  end_time        7   56[COMRAM] unsigned char [7]
  start_time      7   49[COMRAM] unsigned char [7]
  time            7   42[COMRAM] unsigned char [7]
  d               1   63[COMRAM] unsigned char 
 Return value:  Size  Location     Type
                  1    wreg      void 
 Registers used:
		wreg, fsr2l, fsr2h, status,2, status,0, tblptrl, tblptrh, tblptru, prodl, prodh, cstack
 Tracked objects:
		On entry : 
		On exit  : 
		Unchanged: 
 Data sizes:     COMRAM   BANK0   BANK1   BANK2   BANK3   BANK4   BANK5   BANK6   BANK7   BANK8   BANK9  BANK10  BANK11  BANK12  BANK13  BANK14  BANK15
      Params:         0       0       0       0       0       0       0       0       0       0       0       0       0       0       0       0       0
      Locals:        22       0       0       0       0       0       0       0       0       0       0       0       0       0       0       0       0
      Temps:          3       0       0       0       0       0       0       0       0       0       0       0       0       0       0       0       0
      Totals:        25       0       0       0       0       0       0       0       0       0       0       0       0       0       0       0       0
Total ram usage:       25 bytes
 Hardware stack levels required when called:    4
 This function calls:
		_I2C_Master_Init
		_delay
		_initLCD
		_lcdInst
		_printf
		_stand_by
		_time_difference
		_update_time
 This function is called by:
		Startup code after reset
 This function uses a non-reentrant model


 *************** function _time_difference *****************
 Defined at:
		line 159 in file "main.c"
 Parameters:    Size  Location     Type
  time1           2    0[COMRAM] PTR unsigned char 
		 -> main@start_time(7), 
  time2           2    2[COMRAM] PTR unsigned char 
		 -> main@end_time(7), 
 Auto vars:     Size  Location     Type
  sec             1    5[COMRAM] unsigned char 
 Return value:  Size  Location     Type
                  1    wreg      unsigned char 
 Registers used:
		wreg, fsr2l, fsr2h, status,2, status,0, prodl, prodh
 Tracked objects:
		On entry : 
		On exit  : 
		Unchanged: 
 Data sizes:     COMRAM   BANK0   BANK1   BANK2   BANK3   BANK4   BANK5   BANK6   BANK7   BANK8   BANK9  BANK10  BANK11  BANK12  BANK13  BANK14  BANK15
      Params:         4       0       0       0       0       0       0       0       0       0       0       0       0       0       0       0       0
      Locals:         1       0       0       0       0       0       0       0       0       0       0       0       0       0       0       0       0
      Temps:          1       0       0       0       0       0       0       0       0       0       0       0       0       0       0       0       0
      Totals:         6       0       0       0       0       0       0       0       0       0       0       0       0       0       0       0       0
Total ram usage:        6 bytes
 Hardware stack levels used:    1
 This function calls:
		Nothing
 This function is called by:
		_main
 This function uses a non-reentrant model


 *************** function _stand_by *****************
 Defined at:
		line 122 in file "main.c"
 Parameters:    Size  Location     Type
  time            2   34[COMRAM] PTR unsigned char 
		 -> main@time(7), 
 Auto vars:     Size  Location     Type
		None
 Return value:  Size  Location     Type
                  1    wreg      void 
 Registers used:
		wreg, fsr2l, fsr2h, status,2, status,0, tblptrl, tblptrh, tblptru, prodl, prodh, cstack
 Tracked objects:
		On entry : 
		On exit  : 
		Unchanged: 
 Data sizes:     COMRAM   BANK0   BANK1   BANK2   BANK3   BANK4   BANK5   BANK6   BANK7   BANK8   BANK9  BANK10  BANK11  BANK12  BANK13  BANK14  BANK15
      Params:         2       0       0       0       0       0       0       0       0       0       0       0       0       0       0       0       0
      Locals:         0       0       0       0       0       0       0       0       0       0       0       0       0       0       0       0       0
      Temps:          3       0       0       0       0       0       0       0       0       0       0       0       0       0       0       0       0
      Totals:         5       0       0       0       0       0       0       0       0       0       0       0       0       0       0       0       0
Total ram usage:        5 bytes
 Hardware stack levels used:    1
 Hardware stack levels required when called:    3
 This function calls:
		_lcdInst
		_printf
		_update_time
 This function is called by:
		_main
 This function uses a non-reentrant model


 *************** function _update_time *****************
 Defined at:
		line 133 in file "main.c"
 Parameters:    Size  Location     Type
  time            2    3[COMRAM] PTR unsigned char 
		 -> main@end_time(7), main@start_time(7), main@time(7), 
 Auto vars:     Size  Location     Type
  i               1    5[COMRAM] unsigned char 
 Return value:  Size  Location     Type
                  1    wreg      void 
 Registers used:
		wreg, fsr2l, fsr2h, status,2, status,0, prodl, prodh, cstack
 Tracked objects:
		On entry : 
		On exit  : 
		Unchanged: 
 Data sizes:     COMRAM   BANK0   BANK1   BANK2   BANK3   BANK4   BANK5   BANK6   BANK7   BANK8   BANK9  BANK10  BANK11  BANK12  BANK13  BANK14  BANK15
      Params:         2       0       0       0       0       0       0       0       0       0       0       0       0       0       0       0       0
      Locals:         1       0       0       0       0       0       0       0       0       0       0       0       0       0       0       0       0
      Temps:          0       0       0       0       0       0       0       0       0       0       0       0       0       0       0       0       0
      Totals:         3       0       0       0       0       0       0       0       0       0       0       0       0       0       0       0       0
Total ram usage:        3 bytes
 Hardware stack levels used:    1
 Hardware stack levels required when called:    2
 This function calls:
		_I2C_Master_Read
		_I2C_Master_Start
		_I2C_Master_Stop
		_I2C_Master_Write
 This function is called by:
		_main
		_stand_by
 This function uses a non-reentrant model


 *************** function _I2C_Master_Write *****************
 Defined at:
		line 47 in file "I2C.c"
 Parameters:    Size  Location     Type
  d               2    1[COMRAM] unsigned int 
 Auto vars:     Size  Location     Type
		None
 Return value:  Size  Location     Type
                  1    wreg      void 
 Registers used:
		wreg, status,2, status,0, cstack
 Tracked objects:
		On entry : 
		On exit  : 
		Unchanged: 
 Data sizes:     COMRAM   BANK0   BANK1   BANK2   BANK3   BANK4   BANK5   BANK6   BANK7   BANK8   BANK9  BANK10  BANK11  BANK12  BANK13  BANK14  BANK15
      Params:         2       0       0       0       0       0       0       0       0       0       0       0       0       0       0       0       0
      Locals:         0       0       0       0       0       0       0       0       0       0       0       0       0       0       0       0       0
      Temps:          0       0       0       0       0       0       0       0       0       0       0       0       0       0       0       0       0
      Totals:         2       0       0       0       0       0       0       0       0       0       0       0       0       0       0       0       0
Total ram usage:        2 bytes
 Hardware stack levels used:    1
 Hardware stack levels required when called:    1
 This function calls:
		_I2C_Master_Wait
 This function is called by:
		_update_time
		_set_time
 This function uses a non-reentrant model


 *************** function _I2C_Master_Stop *****************
 Defined at:
		line 41 in file "I2C.c"
 Parameters:    Size  Location     Type
		None
 Auto vars:     Size  Location     Type
		None
 Return value:  Size  Location     Type
                  2   52[None  ] int 
 Registers used:
		wreg, status,2, status,0, cstack
 Tracked objects:
		On entry : 
		On exit  : 
		Unchanged: 
 Data sizes:     COMRAM   BANK0   BANK1   BANK2   BANK3   BANK4   BANK5   BANK6   BANK7   BANK8   BANK9  BANK10  BANK11  BANK12  BANK13  BANK14  BANK15
      Params:         0       0       0       0       0       0       0       0       0       0       0       0       0       0       0       0       0
      Locals:         0       0       0       0       0       0       0       0       0       0       0       0       0       0       0       0       0
      Temps:          0       0       0       0       0       0       0       0       0       0       0       0       0       0       0       0       0
      Totals:         0       0       0       0       0       0       0       0       0       0       0       0       0       0       0       0       0
Total ram usage:        0 bytes
 Hardware stack levels used:    1
 Hardware stack levels required when called:    1
 This function calls:
		_I2C_Master_Wait
 This function is called by:
		_update_time
		_set_time
 This function uses a non-reentrant model


 *************** function _I2C_Master_Start *****************
 Defined at:
		line 29 in file "I2C.c"
 Parameters:    Size  Location     Type
		None
 Auto vars:     Size  Location     Type
		None
 Return value:  Size  Location     Type
                  2   48[None  ] int 
 Registers used:
		wreg, status,2, status,0, cstack
 Tracked objects:
		On entry : 
		On exit  : 
		Unchanged: 
 Data sizes:     COMRAM   BANK0   BANK1   BANK2   BANK3   BANK4   BANK5   BANK6   BANK7   BANK8   BANK9  BANK10  BANK11  BANK12  BANK13  BANK14  BANK15
      Params:         0       0       0       0       0       0       0       0       0       0       0       0       0       0       0       0       0
      Locals:         0       0       0       0       0       0       0       0       0       0       0       0       0       0       0       0       0
      Temps:          0       0       0       0       0       0       0       0       0       0       0       0       0       0       0       0       0
      Totals:         0       0       0       0       0       0       0       0       0       0       0       0       0       0       0       0       0
Total ram usage:        0 bytes
 Hardware stack levels used:    1
 Hardware stack levels required when called:    1
 This function calls:
		_I2C_Master_Wait
 This function is called by:
		_update_time
		_set_time
 This function uses a non-reentrant model


 *************** function _I2C_Master_Read *****************
 Defined at:
		line 53 in file "I2C.c"
 Parameters:    Size  Location     Type
  a               1    wreg     unsigned char 
 Auto vars:     Size  Location     Type
  a               1    1[COMRAM] unsigned char 
  temp            1    2[COMRAM] unsigned char 
 Return value:  Size  Location     Type
                  1    wreg      unsigned char 
 Registers used:
		wreg, status,2, status,0, cstack
 Tracked objects:
		On entry : 
		On exit  : 
		Unchanged: 
 Data sizes:     COMRAM   BANK0   BANK1   BANK2   BANK3   BANK4   BANK5   BANK6   BANK7   BANK8   BANK9  BANK10  BANK11  BANK12  BANK13  BANK14  BANK15
      Params:         0       0       0       0       0       0       0       0       0       0       0       0       0       0       0       0       0
      Locals:         2       0       0       0       0       0       0       0       0       0       0       0       0       0       0       0       0
      Temps:          0       0       0       0       0       0       0       0       0       0       0       0       0       0       0       0       0
      Totals:         2       0       0       0       0       0       0       0       0       0       0       0       0       0       0       0       0
Total ram usage:        2 bytes
 Hardware stack levels used:    1
 Hardware stack levels required when called:    1
 This function calls:
		_I2C_Master_Wait
 This function is called by:
		_update_time
 This function uses a non-reentrant model


 *************** function _I2C_Master_Wait *****************
 Defined at:
		line 24 in file "I2C.c"
 Parameters:    Size  Location     Type
		None
 Auto vars:     Size  Location     Type
		None
 Return value:  Size  Location     Type
                  1    wreg      void 
 Registers used:
		wreg, status,2, status,0
 Tracked objects:
		On entry : 
		On exit  : 
		Unchanged: 
 Data sizes:     COMRAM   BANK0   BANK1   BANK2   BANK3   BANK4   BANK5   BANK6   BANK7   BANK8   BANK9  BANK10  BANK11  BANK12  BANK13  BANK14  BANK15
      Params:         0       0       0       0       0       0       0       0       0       0       0       0       0       0       0       0       0
      Locals:         0       0       0       0       0       0       0       0       0       0       0       0       0       0       0       0       0
      Temps:          1       0       0       0       0       0       0       0       0       0       0       0       0       0       0       0       0
      Totals:         1       0       0       0       0       0       0       0       0       0       0       0       0       0       0       0       0
Total ram usage:        1 bytes
 Hardware stack levels used:    1
 This function calls:
		Nothing
 This function is called by:
		_I2C_Master_Start
		_I2C_Master_Stop
		_I2C_Master_Write
		_I2C_Master_Read
		_I2C_Master_RepeatedStart
 This function uses a non-reentrant model


 *************** function _printf *****************
 Defined at:
		line 464 in file "C:\Program Files (x86)\Microchip\xc8\v1.40\sources\common\doprnt.c"
 Parameters:    Size  Location     Type
  f               3    7[COMRAM] PTR const unsigned char 
		 -> STR_6(22), STR_5(22), ROM(65535), STR_4(12), 
		 -> STR_3(11), STR_2(15), STR_1(15), 
 Auto vars:     Size  Location     Type
  idx             1   24[COMRAM] unsigned char 
  tmpval          4    0        struct .
  width           2   31[COMRAM] int 
  len             2   29[COMRAM] unsigned int 
  val             2   26[COMRAM] unsigned int 
  cp              2   22[COMRAM] PTR const unsigned char 
		 -> printf@c(1), 
  ap              2   20[COMRAM] PTR void [1]
		 -> ?_printf(2), 
  c               1   33[COMRAM] char 
  prec            1   28[COMRAM] char 
  flag            1   25[COMRAM] unsigned char 
 Return value:  Size  Location     Type
                  2    7[COMRAM] int 
 Registers used:
		wreg, fsr2l, fsr2h, status,2, status,0, tblptrl, tblptrh, tblptru, prodl, prodh, cstack
 Tracked objects:
		On entry : 
		On exit  : 
		Unchanged: 
 Data sizes:     COMRAM   BANK0   BANK1   BANK2   BANK3   BANK4   BANK5   BANK6   BANK7   BANK8   BANK9  BANK10  BANK11  BANK12  BANK13  BANK14  BANK15
      Params:         9       0       0       0       0       0       0       0       0       0       0       0       0       0       0       0       0
      Locals:        14       0       0       0       0       0       0       0       0       0       0       0       0       0       0       0       0
      Temps:          4       0       0       0       0       0       0       0       0       0       0       0       0       0       0       0       0
      Totals:        27       0       0       0       0       0       0       0       0       0       0       0       0       0       0       0       0
Total ram usage:       27 bytes
 Hardware stack levels used:    1
 Hardware stack levels required when called:    2
 This function calls:
		___lwdiv
		___wmul
		_isdigit
		_putch
 This function is called by:
		_main
		_stand_by
 This function uses a non-reentrant model


 *************** function _putch *****************
 Defined at:
		line 31 in file "lcd.c"
 Parameters:    Size  Location     Type
  data            1    wreg     unsigned char 
 Auto vars:     Size  Location     Type
  data            1    2[COMRAM] unsigned char 
 Return value:  Size  Location     Type
                  1    wreg      void 
 Registers used:
		wreg, status,2, status,0, cstack
 Tracked objects:
		On entry : 
		On exit  : 
		Unchanged: 
 Data sizes:     COMRAM   BANK0   BANK1   BANK2   BANK3   BANK4   BANK5   BANK6   BANK7   BANK8   BANK9  BANK10  BANK11  BANK12  BANK13  BANK14  BANK15
      Params:         0       0       0       0       0       0       0       0       0       0       0       0       0       0       0       0       0
      Locals:         1       0       0       0       0       0       0       0       0       0       0       0       0       0       0       0       0
      Temps:          0       0       0       0       0       0       0       0       0       0       0       0       0       0       0       0       0
      Totals:         1       0       0       0       0       0       0       0       0       0       0       0       0       0       0       0       0
Total ram usage:        1 bytes
 Hardware stack levels used:    1
 Hardware stack levels required when called:    1
 This function calls:
		_lcdNibble
 This function is called by:
		_printf
 This function uses a non-reentrant model


 *************** function _isdigit *****************
 Defined at:
		line 8 in file "C:\Program Files (x86)\Microchip\xc8\v1.40\sources\common\isdigit.c"
 Parameters:    Size  Location     Type
  c               1    wreg     unsigned char 
 Auto vars:     Size  Location     Type
  c               1    2[COMRAM] unsigned char 
 Return value:  Size  Location     Type
		None               void
 Registers used:
		wreg, status,2, status,0
 Tracked objects:
		On entry : 
		On exit  : 
		Unchanged: 
 Data sizes:     COMRAM   BANK0   BANK1   BANK2   BANK3   BANK4   BANK5   BANK6   BANK7   BANK8   BANK9  BANK10  BANK11  BANK12  BANK13  BANK14  BANK15
      Params:         0       0       0       0       0       0       0       0       0       0       0       0       0       0       0       0       0
      Locals:         2       0       0       0       0       0       0       0       0       0       0       0       0       0       0       0       0
      Temps:          1       0       0       0       0       0       0       0       0       0       0       0       0       0       0       0       0
      Totals:         3       0       0       0       0       0       0       0       0       0       0       0       0       0       0       0       0
Total ram usage:        3 bytes
 Hardware stack levels used:    1
 This function calls:
		Nothing
 This function is called by:
		_printf
 This function uses a non-reentrant model


 *************** function ___wmul *****************
 Defined at:
		line 15 in file "C:\Program Files (x86)\Microchip\xc8\v1.40\sources\common\Umul16.c"
 Parameters:    Size  Location     Type
  multiplier      2    0[COMRAM] unsigned int 
  multiplicand    2    2[COMRAM] unsigned int 
 Auto vars:     Size  Location     Type
  product         2    4[COMRAM] unsigned int 
 Return value:  Size  Location     Type
                  2    0[COMRAM] unsigned int 
 Registers used:
		wreg, status,2, status,0, prodl, prodh
 Tracked objects:
		On entry : 
		On exit  : 
		Unchanged: 
 Data sizes:     COMRAM   BANK0   BANK1   BANK2   BANK3   BANK4   BANK5   BANK6   BANK7   BANK8   BANK9  BANK10  BANK11  BANK12  BANK13  BANK14  BANK15
      Params:         4       0       0       0       0       0       0       0       0       0       0       0       0       0       0       0       0
      Locals:         2       0       0       0       0       0       0       0       0       0       0       0       0       0       0       0       0
      Temps:          0       0       0       0       0       0       0       0       0       0       0       0       0       0       0       0       0
      Totals:         6       0       0       0       0       0       0       0       0       0       0       0       0       0       0       0       0
Total ram usage:        6 bytes
 Hardware stack levels used:    1
 This function calls:
		Nothing
 This function is called by:
		_printf
 This function uses a non-reentrant model


 *************** function ___lwdiv *****************
 Defined at:
		line 8 in file "C:\Program Files (x86)\Microchip\xc8\v1.40\sources\common\lwdiv.c"
 Parameters:    Size  Location     Type
  dividend        2    0[COMRAM] unsigned int 
  divisor         2    2[COMRAM] unsigned int 
 Auto vars:     Size  Location     Type
  quotient        2    4[COMRAM] unsigned int 
  counter         1    6[COMRAM] unsigned char 
 Return value:  Size  Location     Type
                  2    0[COMRAM] unsigned int 
 Registers used:
		wreg, status,2, status,0
 Tracked objects:
		On entry : 
		On exit  : 
		Unchanged: 
 Data sizes:     COMRAM   BANK0   BANK1   BANK2   BANK3   BANK4   BANK5   BANK6   BANK7   BANK8   BANK9  BANK10  BANK11  BANK12  BANK13  BANK14  BANK15
      Params:         4       0       0       0       0       0       0       0       0       0       0       0       0       0       0       0       0
      Locals:         3       0       0       0       0       0       0       0       0       0       0       0       0       0       0       0       0
      Temps:          0       0       0       0       0       0       0       0       0       0       0       0       0       0       0       0       0
      Totals:         7       0       0       0       0       0       0       0       0       0       0       0       0       0       0       0       0
Total ram usage:        7 bytes
 Hardware stack levels used:    1
 This function calls:
		Nothing
 This function is called by:
		_printf
 This function uses a non-reentrant model


 *************** function _initLCD *****************
 Defined at:
		line 14 in file "lcd.c"
 Parameters:    Size  Location     Type
		None
 Auto vars:     Size  Location     Type
		None
 Return value:  Size  Location     Type
                  1    wreg      void 
 Registers used:
		wreg, status,2, status,0, cstack
 Tracked objects:
		On entry : 
		On exit  : 
		Unchanged: 
 Data sizes:     COMRAM   BANK0   BANK1   BANK2   BANK3   BANK4   BANK5   BANK6   BANK7   BANK8   BANK9  BANK10  BANK11  BANK12  BANK13  BANK14  BANK15
      Params:         0       0       0       0       0       0       0       0       0       0       0       0       0       0       0       0       0
      Locals:         0       0       0       0       0       0       0       0       0       0       0       0       0       0       0       0       0
      Temps:          1       0       0       0       0       0       0       0       0       0       0       0       0       0       0       0       0
      Totals:         1       0       0       0       0       0       0       0       0       0       0       0       0       0       0       0       0
Total ram usage:        1 bytes
 Hardware stack levels used:    1
 Hardware stack levels required when called:    2
 This function calls:
		_lcdInst
 This function is called by:
		_main
 This function uses a non-reentrant model


 *************** function _lcdInst *****************
 Defined at:
		line 26 in file "lcd.c"
 Parameters:    Size  Location     Type
  data            1    wreg     unsigned char 
 Auto vars:     Size  Location     Type
  data            1    2[COMRAM] unsigned char 
 Return value:  Size  Location     Type
                  1    wreg      void 
 Registers used:
		wreg, status,2, status,0, cstack
 Tracked objects:
		On entry : 
		On exit  : 
		Unchanged: 
 Data sizes:     COMRAM   BANK0   BANK1   BANK2   BANK3   BANK4   BANK5   BANK6   BANK7   BANK8   BANK9  BANK10  BANK11  BANK12  BANK13  BANK14  BANK15
      Params:         0       0       0       0       0       0       0       0       0       0       0       0       0       0       0       0       0
      Locals:         1       0       0       0       0       0       0       0       0       0       0       0       0       0       0       0       0
      Temps:          0       0       0       0       0       0       0       0       0       0       0       0       0       0       0       0       0
      Totals:         1       0       0       0       0       0       0       0       0       0       0       0       0       0       0       0       0
Total ram usage:        1 bytes
 Hardware stack levels used:    1
 Hardware stack levels required when called:    1
 This function calls:
		_lcdNibble
 This function is called by:
		_main
		_stand_by
		_initLCD
 This function uses a non-reentrant model


 *************** function _lcdNibble *****************
 Defined at:
		line 36 in file "lcd.c"
 Parameters:    Size  Location     Type
  data            1    wreg     unsigned char 
 Auto vars:     Size  Location     Type
  data            1    1[COMRAM] unsigned char 
  temp            1    0[COMRAM] unsigned char 
 Return value:  Size  Location     Type
                  1    wreg      void 
 Registers used:
		wreg, status,2, status,0
 Tracked objects:
		On entry : 
		On exit  : 
		Unchanged: 
 Data sizes:     COMRAM   BANK0   BANK1   BANK2   BANK3   BANK4   BANK5   BANK6   BANK7   BANK8   BANK9  BANK10  BANK11  BANK12  BANK13  BANK14  BANK15
      Params:         0       0       0       0       0       0       0       0       0       0       0       0       0       0       0       0       0
      Locals:         2       0       0       0       0       0       0       0       0       0       0       0       0       0       0       0       0
      Temps:          0       0       0       0       0       0       0       0       0       0       0       0       0       0       0       0       0
      Totals:         2       0       0       0       0       0       0       0       0       0       0       0       0       0       0       0       0
Total ram usage:        2 bytes
 Hardware stack levels used:    1
 This function calls:
		Nothing
 This function is called by:
		_lcdInst
		_putch
 This function uses a non-reentrant model


 *************** function _delay *****************
 Defined at:
		line 153 in file "main.c"
 Parameters:    Size  Location     Type
  seconds         2    0[COMRAM] int 
 Auto vars:     Size  Location     Type
  i               1    5[COMRAM] unsigned char 
  i               2    3[COMRAM] int 
 Return value:  Size  Location     Type
                  1    wreg      void 
 Registers used:
		wreg, status,2, status,0
 Tracked objects:
		On entry : 
		On exit  : 
		Unchanged: 
 Data sizes:     COMRAM   BANK0   BANK1   BANK2   BANK3   BANK4   BANK5   BANK6   BANK7   BANK8   BANK9  BANK10  BANK11  BANK12  BANK13  BANK14  BANK15
      Params:         2       0       0       0       0       0       0       0       0       0       0       0       0       0       0       0       0
      Locals:         3       0       0       0       0       0       0       0       0       0       0       0       0       0       0       0       0
      Temps:          1       0       0       0       0       0       0       0       0       0       0       0       0       0       0       0       0
      Totals:         6       0       0       0       0       0       0       0       0       0       0       0       0       0       0       0       0
Total ram usage:        6 bytes
 Hardware stack levels used:    1
 This function calls:
		Nothing
 This function is called by:
		_main
 This function uses a non-reentrant model


 *************** function _I2C_Master_Init *****************
 Defined at:
		line 13 in file "I2C.c"
 Parameters:    Size  Location     Type
  c               4   13[COMRAM] const unsigned long 
 Auto vars:     Size  Location     Type
		None
 Return value:  Size  Location     Type
                  1    wreg      void 
 Registers used:
		wreg, status,2, status,0, cstack
 Tracked objects:
		On entry : 
		On exit  : 
		Unchanged: 
 Data sizes:     COMRAM   BANK0   BANK1   BANK2   BANK3   BANK4   BANK5   BANK6   BANK7   BANK8   BANK9  BANK10  BANK11  BANK12  BANK13  BANK14  BANK15
      Params:         4       0       0       0       0       0       0       0       0       0       0       0       0       0       0       0       0
      Locals:         0       0       0       0       0       0       0       0       0       0       0       0       0       0       0       0       0
      Temps:          4       0       0       0       0       0       0       0       0       0       0       0       0       0       0       0       0
      Totals:         8       0       0       0       0       0       0       0       0       0       0       0       0       0       0       0       0
Total ram usage:        8 bytes
 Hardware stack levels used:    1
 Hardware stack levels required when called:    1
 This function calls:
		___lldiv
 This function is called by:
		_main
 This function uses a non-reentrant model


 *************** function ___lldiv *****************
 Defined at:
		line 8 in file "C:\Program Files (x86)\Microchip\xc8\v1.40\sources\common\lldiv.c"
 Parameters:    Size  Location     Type
  dividend        4    0[COMRAM] unsigned long 
  divisor         4    4[COMRAM] unsigned long 
 Auto vars:     Size  Location     Type
  quotient        4    8[COMRAM] unsigned long 
  counter         1   12[COMRAM] unsigned char 
 Return value:  Size  Location     Type
                  4    0[COMRAM] unsigned long 
 Registers used:
		wreg, status,2, status,0
 Tracked objects:
		On entry : 
		On exit  : 
		Unchanged: 
 Data sizes:     COMRAM   BANK0   BANK1   BANK2   BANK3   BANK4   BANK5   BANK6   BANK7   BANK8   BANK9  BANK10  BANK11  BANK12  BANK13  BANK14  BANK15
      Params:         8       0       0       0       0       0       0       0       0       0       0       0       0       0       0       0       0
      Locals:         5       0       0       0       0       0       0       0       0       0       0       0       0       0       0       0       0
      Temps:          0       0       0       0       0       0       0       0       0       0       0       0       0       0       0       0       0
      Totals:        13       0       0       0       0       0       0       0       0       0       0       0       0       0       0       0       0
Total ram usage:       13 bytes
 Hardware stack levels used:    1
 This function calls:
		Nothing
 This function is called by:
		_I2C_Master_Init
 This function uses a non-reentrant model



MODULE INFORMATION

Module		Function		Class		Link	Load	Size
C:\Program Files (x86)\Microchip\xc8\v1.40\sources\common\doprnt.c
		_printf        		CODE           	1094	0000	703

C:\Program Files (x86)\Microchip\xc8\v1.40\sources\common\doprnt.c estimated size: 703

I2C.c
		_I2C_Master_Read		CODE           	1890	0000	39
		_I2C_Master_Wait		CODE           	18FA	0000	19
		_I2C_Master_Init		CODE           	16BE	0000	91
		_I2C_Master_Stop		CODE           	192E	0000	9
		_I2C_Master_Write		CODE           	1924	0000	11
		_I2C_Master_Start		CODE           	1936	0000	9

I2C.c estimated size: 178

C:\Program Files (x86)\Microchip\xc8\v1.40\sources\common\Umul16.c
		___wmul        		CODE           	18B6	0000	39

C:\Program Files (x86)\Microchip\xc8\v1.40\sources\common\Umul16.c estimated size: 39

C:\Program Files (x86)\Microchip\xc8\v1.40\sources\common\isdigit.c
		_isdigit       		CODE           	18DC	0000	31

C:\Program Files (x86)\Microchip\xc8\v1.40\sources\common\isdigit.c estimated size: 31

shared
		_keys          		SMALLCONST     	1001	0000	18
		__initialization		CODE           	193E	0000	1
		_hexpowers     		SMALLCONST     	1012	0000	9
		_happynewyear  		SMALLCONST     	101A	0000	8

shared estimated size: 36

lcd.c
		_putch         		CODE           	190C	0000	13
		_lcdInst       		CODE           	1918	0000	13
		_lcdNibble     		CODE           	176A	0000	79
		_initLCD       		CODE           	17B8	0000	77

lcd.c estimated size: 182

C:\Program Files (x86)\Microchip\xc8\v1.40\sources\common\lwdiv.c
		___lwdiv       		CODE           	1718	0000	83

C:\Program Files (x86)\Microchip\xc8\v1.40\sources\common\lwdiv.c estimated size: 83

main.c
		_delay         		CODE           	184C	0000	69
		_main          		CODE           	1352	0000	419
		_update_time   		CODE           	164C	0000	115
		_time_difference		CODE           	1804	0000	73
		_stand_by      		CODE           	14F4	0000	215

main.c estimated size: 891

C:\Program Files (x86)\Microchip\xc8\v1.40\sources\common\lldiv.c
		___lldiv       		CODE           	15CA	0000	131

C:\Program Files (x86)\Microchip\xc8\v1.40\sources\common\lldiv.c estimated size: 131

