Microchip MPLAB XC8 Compiler V1.40 ()

Linker command line:

-W-3 --edf=C:\Program Files (x86)\Microchip\xc8\v1.40\dat\en_msgs.txt -cs \
  -h+dist/default/production\test.X.production.sym \
  --cmf=dist/default/production\test.X.production.cmf -z -Q18F4620 \
  -oC:\Users\joshk\AppData\Local\Temp\sa8g.2 \
  -Mdist/default/production/test.X.production.map -E1 -ver=XC8 \
  -ASTACK=0A6h-0f7fh -pstack=STACK -ACODE=00h-0FFFFh -ACONST=00h-0FFFFh \
  -ASMALLCONST=01000h-010FFhx240 -AMEDIUMCONST=01000h-0FFFFh \
  -ACOMRAM=01h-07Fh -AABS1=00h-0F7Fh -ABIGRAM=01h-0F7Fh \
  -ARAM=080h-0FFh,0100h-01FFhx14,0F00h-0F7Fh -ABANK0=080h-0FFh \
  -ABANK1=0100h-01FFh -ABANK2=0200h-02FFh -ABANK3=0300h-03FFh \
  -ABANK4=0400h-04FFh -ABANK5=0500h-05FFh -ABANK6=0600h-06FFh \
  -ABANK7=0700h-07FFh -ABANK8=0800h-08FFh -ABANK9=0900h-09FFh \
  -ABANK10=0A00h-0AFFh -ABANK11=0B00h-0BFFh -ABANK12=0C00h-0CFFh \
  -ABANK13=0D00h-0DFFh -ABANK14=0E00h-0EFFh -ABANK15=0F00h-0F7Fh \
  -ASFR=0F80h-0FFFh -preset_vec=00h,intcode,intcodelo,powerup,init \
  -pramtop=01000h -psmallconst=SMALLCONST -pmediumconst=MEDIUMCONST \
  -pconst=CONST -AFARRAM=00h-00h -ACONFIG=0300000h-030000Dh -pconfig=CONFIG \
  -AIDLOC=0200000h-0200007h -pidloc=IDLOC -AEEDATA=0F00000h-0F003FFh \
  -peeprom_data=EEDATA \
  -prdata=COMRAM,nvrram=COMRAM,nvbit=COMRAM,rbss=COMRAM,rbit=COMRAM \
  -pfarbss=FARRAM,fardata=FARRAM,nvFARRAM=FARRAM \
  -pintsave_regs=BIGRAM,bigbss=BIGRAM,bigdata=BIGRAM -pbss=RAM \
  -pidata=CODE,irdata=CODE,ibigdata=CODE,ifardata=CODE -prparam=COMRAM \
  C:\Users\joshk\AppData\Local\Temp\sa8g.obj \
  dist/default/production\test.X.production.obj 

Object code version is 3.11

Machine type is 18F4620

Call graph: (short form)




                Name                               Link     Load   Length Selector   Space Scale
C:\Users\joshk\AppData\Local\Temp\sa8g.obj
                init                                  0        0        4        0       0
                idloc                            200000   200000        8   200000       0
                config                           300000   300000        E   300000       0
dist/default/production\test.X.production.obj
                mediumconst                        FEAC     FEAC      154     7F56       0
                text43                             E6C4     E6C4       82     7362       0
                text42                             E4B4     E4B4       5A     725A       0
                text41                             E384     E384       44     71C2       0
                text40                             E746     E746       84     73A3       0
                text39                             E56A     E56A       70     72B5       0
                text38                             E414     E414       4E     720A       0
                text37                             E1DE     E1DE        C     70EF       0
                text36                             E3C8     E3C8       4C     71E4       0
                text35                             E462     E462       52     7231       0
                text34                             E342     E342       42     71A1       0
                text33                             E258     E258       26     712C       0
                text32                             E216     E216       1E     710B       0
                text31                             E1EA     E1EA        C     70F5       0
                text30                             FB32     FB32      37A     7D99       0
                text29                             E27E     E27E       26     713F       0
                text28                             F94A     F94A      1E8     7CA5       0
                text27                             E204     E204       12     7102       0
                text26                             E2A4     E2A4       26     7152       0
                text25                             E1C4     E1C4        8     70E2       0
                text24                             E1CC     E1CC        8     70E6       0
                text23                             E1D4     E1D4        A     70EA       0
                text22                             E5DA     E5DA       72     72ED       0
                text21                             E998     E998       C2     74CC       0
                text20                             E8EA     E8EA       AE     7475       0
                text19                             E50E     E50E       5C     7287       0
                text18                             E2CA     E2CA       38     7165       0
                text17                             ECCC     ECCC       E6     7666       0
                text16                             E234     E234       24     711A       0
                text15                             F5BA     F5BA      1AC     7ADD       0
                text14                             E302     E302       40     7181       0
                text13                             EDB2     EDB2       F4     76D9       0
                text12                             EB1C     EB1C       D2     758E       0
                text11                             E64C     E64C       78     7326       0
                text10                             E7CA     E7CA       90     73E5       0
                text9                              EEA6     EEA6       F4     7753       0
                text8                              E85A     E85A       90     742D       0
                text7                              EBEE     EBEE       DE     75F7       0
                text6                              EA5A     EA5A       C2     752D       0
                text5                              F766     F766      1E4     7BB3       0
                text4                              F096     F096      11A     784B       0
                text3                              F448     F448      172     7A24       0
                text2                              EF9A     EF9A       FC     77CD       0
                text1                              F1B0     F1B0      13C     78D8       0
                text0                              F2EC     F2EC      15C     7976       0
                cstackCOMRAM                          1        1       79        1       1
                cstackBANK0                          80       80       26       80       1
                bssCOMRAM                            7A       7A        2        1       1
                cinit                              E1F6     E1F6        E     70FB       0

TOTAL           Name                               Link     Load   Length     Space
        CLASS   STACK          

        CLASS   CODE           
                init                                  0        0        4         0
                text43                             E6C4     E6C4       82         0
                text42                             E4B4     E4B4       5A         0
                text41                             E384     E384       44         0
                text40                             E746     E746       84         0
                text39                             E56A     E56A       70         0
                text38                             E414     E414       4E         0
                text37                             E1DE     E1DE        C         0
                text36                             E3C8     E3C8       4C         0
                text35                             E462     E462       52         0
                text34                             E342     E342       42         0
                text33                             E258     E258       26         0
                text32                             E216     E216       1E         0
                text31                             E1EA     E1EA        C         0
                text30                             FB32     FB32      37A         0
                text29                             E27E     E27E       26         0
                text28                             F94A     F94A      1E8         0
                text27                             E204     E204       12         0
                text26                             E2A4     E2A4       26         0
                text25                             E1C4     E1C4        8         0
                text24                             E1CC     E1CC        8         0
                text23                             E1D4     E1D4        A         0
                text22                             E5DA     E5DA       72         0
                text21                             E998     E998       C2         0
                text20                             E8EA     E8EA       AE         0
                text19                             E50E     E50E       5C         0
                text18                             E2CA     E2CA       38         0
                text17                             ECCC     ECCC       E6         0
                text16                             E234     E234       24         0
                text15                             F5BA     F5BA      1AC         0
                text14                             E302     E302       40         0
                text13                             EDB2     EDB2       F4         0
                text12                             EB1C     EB1C       D2         0
                text11                             E64C     E64C       78         0
                text10                             E7CA     E7CA       90         0
                text9                              EEA6     EEA6       F4         0
                text8                              E85A     E85A       90         0
                text7                              EBEE     EBEE       DE         0
                text6                              EA5A     EA5A       C2         0
                text5                              F766     F766      1E4         0
                text4                              F096     F096      11A         0
                text3                              F448     F448      172         0
                text2                              EF9A     EF9A       FC         0
                text1                              F1B0     F1B0      13C         0
                text0                              F2EC     F2EC      15C         0
                cinit                              E1F6     E1F6        E         0

        CLASS   CONST          

        CLASS   SMALLCONST     

        CLASS   MEDIUMCONST    
                mediumconst                        FEAC     FEAC      154         0

        CLASS   COMRAM         
                cstackCOMRAM                          1        1       79         1
                bssCOMRAM                            7A       7A        2         1

        CLASS   ABS1           

        CLASS   BIGRAM         

        CLASS   RAM            

        CLASS   BANK0          
                cstackBANK0                          80       80       26         1

        CLASS   BANK1          

        CLASS   BANK2          

        CLASS   BANK3          

        CLASS   BANK4          

        CLASS   BANK5          

        CLASS   BANK6          

        CLASS   BANK7          

        CLASS   BANK8          

        CLASS   BANK9          

        CLASS   BANK10         

        CLASS   BANK11         

        CLASS   BANK12         

        CLASS   BANK13         

        CLASS   BANK14         

        CLASS   BANK15         

        CLASS   SFR            

        CLASS   FARRAM         

        CLASS   CONFIG         
                config                           300000   300000        E         0

        CLASS   IDLOC          
                idloc                            200000   200000        8         0

        CLASS   EEDATA         



SEGMENTS        Name                           Load    Length   Top    Selector   Space  Class

                reset_vec                      000000  000004  000004         0       0  CODE    
                cstackCOMRAM                   000001  00007B  00007C         1       1  COMRAM  
                cstackBANK0                    000080  000026  0000A6        80       1  BANK0   
                text25                         00E1C4  000008  00E1CC      70E2       0  CODE    
                text24                         00E1CC  000008  00E1D4      70E6       0  CODE    
                text23                         00E1D4  00000A  00E1DE      70EA       0  CODE    
                text37                         00E1DE  00000C  00E1EA      70EF       0  CODE    
                text31                         00E1EA  00000C  00E1F6      70F5       0  CODE    
                cinit                          00E1F6  00000E  00E204      70FB       0  CODE    
                text27                         00E204  000012  00E216      7102       0  CODE    
                text32                         00E216  00001E  00E234      710B       0  CODE    
                text16                         00E234  000024  00E258      711A       0  CODE    
                text33                         00E258  000026  00E27E      712C       0  CODE    
                text29                         00E27E  000026  00E2A4      713F       0  CODE    
                text26                         00E2A4  000026  00E2CA      7152       0  CODE    
                text18                         00E2CA  000038  00E302      7165       0  CODE    
                text14                         00E302  000040  00E342      7181       0  CODE    
                text34                         00E342  000042  00E384      71A1       0  CODE    
                text41                         00E384  000044  00E3C8      71C2       0  CODE    
                text36                         00E3C8  00004C  00E414      71E4       0  CODE    
                text38                         00E414  00004E  00E462      720A       0  CODE    
                text35                         00E462  000052  00E4B4      7231       0  CODE    
                text42                         00E4B4  00005A  00E50E      725A       0  CODE    
                text19                         00E50E  00005C  00E56A      7287       0  CODE    
                text39                         00E56A  000070  00E5DA      72B5       0  CODE    
                text22                         00E5DA  000072  00E64C      72ED       0  CODE    
                text11                         00E64C  000078  00E6C4      7326       0  CODE    
                text43                         00E6C4  000082  00E746      7362       0  CODE    
                text40                         00E746  000084  00E7CA      73A3       0  CODE    
                text10                         00E7CA  000090  00E85A      73E5       0  CODE    
                text8                          00E85A  000090  00E8EA      742D       0  CODE    
                text20                         00E8EA  0000AE  00E998      7475       0  CODE    
                text21                         00E998  0000C2  00EA5A      74CC       0  CODE    
                text6                          00EA5A  0000C2  00EB1C      752D       0  CODE    
                text12                         00EB1C  0000D2  00EBEE      758E       0  CODE    
                text7                          00EBEE  0000DE  00ECCC      75F7       0  CODE    
                text17                         00ECCC  0000E6  00EDB2      7666       0  CODE    
                text13                         00EDB2  0000F4  00EEA6      76D9       0  CODE    
                text9                          00EEA6  0000F4  00EF9A      7753       0  CODE    
                text2                          00EF9A  0000FC  00F096      77CD       0  CODE    
                text4                          00F096  00011A  00F1B0      784B       0  CODE    
                text1                          00F1B0  00013C  00F2EC      78D8       0  CODE    
                text0                          00F2EC  00015C  00F448      7976       0  CODE    
                text3                          00F448  000172  00F5BA      7A24       0  CODE    
                text15                         00F5BA  0001AC  00F766      7ADD       0  CODE    
                text5                          00F766  0001E4  00F94A      7BB3       0  CODE    
                text28                         00F94A  0001E8  00FB32      7CA5       0  CODE    
                text30                         00FB32  00037A  00FEAC      7D99       0  CODE    
                mediumconst                    00FEAC  000154  010000      7F56       0  MEDIUMCO
                idloc                          200000  000008  200008    200000       0  IDLOC   
                config                         300000  00000E  30000E    300000       0  CONFIG  


UNUSED ADDRESS RANGES

        Name                Unused          Largest block    Delta
        BANK0            0000A6-0000FF               5A
        BANK1            000100-0001FF              100
        BANK10           000A00-000AFF              100
        BANK11           000B00-000BFF              100
        BANK12           000C00-000CFF              100
        BANK13           000D00-000DFF              100
        BANK14           000E00-000EFF              100
        BANK15           000F00-000F7F               80
        BANK2            000200-0002FF              100
        BANK3            000300-0003FF              100
        BANK4            000400-0004FF              100
        BANK5            000500-0005FF              100
        BANK6            000600-0006FF              100
        BANK7            000700-0007FF              100
        BANK8            000800-0008FF              100
        BANK9            000900-0009FF              100
        BIGRAM           00007C-00007F                4
                         0000A6-000F7F              EDA
        CODE             000004-00E1C3             E1C0
        COMRAM           00007C-00007F                4
        CONST            000004-00E1C3             E1C0
        EEDATA           F00000-F003FF              400
        MEDIUMCONST      001000-00E1C3             D1C4
        RAM              0000A6-000F7F              100
        SFR              000F80-000FFF               80
        SMALLCONST       001000-00E1C3              100
        STACK            0000A6-000F7F              EDA

                                  Symbol Table

?___altoft                 cstackCOMRAM 000037
?___awdiv                  cstackCOMRAM 000007
?___awmod                  cstackCOMRAM 000001
?___awtoft                 cstackCOMRAM 000009
?___ftadd                  cstackCOMRAM 00001C
?___ftdiv                  cstackCOMRAM 000009
?___ftmul                  cstackCOMRAM 00000D
?___ftneg                  cstackCOMRAM 000001
?___ftpack                 cstackCOMRAM 000001
?___ftsub                  cstackCOMRAM 000028
?___fttol                  cstackCOMRAM 000028
?___lldiv                  cstackCOMRAM 000001
?___lltoft                 cstackCOMRAM 000009
?___lwdiv                  cstackCOMRAM 000001
?___lwmod                  cstackCOMRAM 000008
?___wmul                   cstackCOMRAM 000001
?_dec_to_hex               cstackCOMRAM 000063
?_eval_poly                cstackCOMRAM 000028
?_exp                      cstackCOMRAM 000049
?_floor                    cstackCOMRAM 000041
?_frexp                    cstackCOMRAM 000001
?_ldexp                    cstackCOMRAM 000034
?_log                      cstackCOMRAM 000034
?_pow                      cstackCOMRAM 000052
?_printf                   cstackCOMRAM 00000D
?_time_difference          cstackCOMRAM 000073
I2C_Master_Init@c          cstackCOMRAM 00000E
I2C_Master_Read@a          cstackCOMRAM 000002
I2C_Master_Read@temp       cstackCOMRAM 000003
I2C_Master_Write@d         cstackCOMRAM 000002
_ACKDT                     (abs)        007E2D
_ACKEN                     (abs)        007E2C
_ADCON0                    (abs)        000FC2
_ADCON1                    (abs)        000FC1
_I2C_Master_Init           text42       00E4B4
_I2C_Master_Read           text26       00E2A4
_I2C_Master_Start          text25       00E1C4
_I2C_Master_Stop           text24       00E1CC
_I2C_Master_Wait           text27       00E204
_I2C_Master_Write          text23       00E1D4
_LATA                      (abs)        000F89
_LATB                      (abs)        000F8A
_LATC                      (abs)        000F8B
_LATD                      (abs)        000F8C
_LATDbits                  (abs)        000F8C
_LATE                      (abs)        000F8D
_PEN                       (abs)        007E2A
_PORTB                     (abs)        000F81
_PORTBbits                 (abs)        000F81
_RCEN                      (abs)        007E2B
_RSEN                      (abs)        007E29
_SEN                       (abs)        007E28
_SSPADD                    (abs)        000FC8
_SSPBUF                    (abs)        000FC9
_SSPCON1                   (abs)        000FC6
_SSPCON2                   (abs)        000FC5
_SSPSTAT                   (abs)        000FC7
_TRISA                     (abs)        000F92
_TRISB                     (abs)        000F93
_TRISC                     (abs)        000F94
_TRISC3                    (abs)        007CA3
_TRISC4                    (abs)        007CA4
_TRISD                     (abs)        000F95
_TRISE                     (abs)        000F96
__CFG_BOREN$SBORDIS        (abs)        000000
__CFG_BORV$3               (abs)        000000
__CFG_CCP2MX$PORTC         (abs)        000000
__CFG_CP0$OFF              (abs)        000000
__CFG_CP1$OFF              (abs)        000000
__CFG_CP2$OFF              (abs)        000000
__CFG_CP3$OFF              (abs)        000000
__CFG_CPB$OFF              (abs)        000000
__CFG_CPD$OFF              (abs)        000000
__CFG_EBTR0$OFF            (abs)        000000
__CFG_EBTR1$OFF            (abs)        000000
__CFG_EBTR2$OFF            (abs)        000000
__CFG_EBTR3$OFF            (abs)        000000
__CFG_EBTRB$OFF            (abs)        000000
__CFG_FCMEN$OFF            (abs)        000000
__CFG_IESO$OFF             (abs)        000000
__CFG_LPT1OSC$OFF          (abs)        000000
__CFG_LVP$OFF              (abs)        000000
__CFG_MCLRE$ON             (abs)        000000
__CFG_OSC$HS               (abs)        000000
__CFG_PBADEN$ON            (abs)        000000
__CFG_PWRT$OFF             (abs)        000000
__CFG_STVREN$ON            (abs)        000000
__CFG_WDT$OFF              (abs)        000000
__CFG_WDTPS$32768          (abs)        000000
__CFG_WRT0$OFF             (abs)        000000
__CFG_WRT1$OFF             (abs)        000000
__CFG_WRT2$OFF             (abs)        000000
__CFG_WRT3$OFF             (abs)        000000
__CFG_WRTB$OFF             (abs)        000000
__CFG_WRTC$OFF             (abs)        000000
__CFG_WRTD$OFF             (abs)        000000
__CFG_XINST$OFF            (abs)        000000
__HRAM                     (abs)        000000
__Habs1                    abs1         000000
__Hbank0                   bank0        000000
__Hbank1                   bank1        000000
__Hbank10                  bank10       000000
__Hbank11                  bank11       000000
__Hbank12                  bank12       000000
__Hbank13                  bank13       000000
__Hbank14                  bank14       000000
__Hbank15                  bank15       000000
__Hbank2                   bank2        000000
__Hbank3                   bank3        000000
__Hbank4                   bank4        000000
__Hbank5                   bank5        000000
__Hbank6                   bank6        000000
__Hbank7                   bank7        000000
__Hbank8                   bank8        000000
__Hbank9                   bank9        000000
__Hbigbss                  bigbss       000000
__Hbigdata                 bigdata      000000
__Hbigram                  bigram       000000
__Hbss                     bss          000000
__HbssCOMRAM               bssCOMRAM    000000
__Hcinit                   cinit        000000
__Hclrtext                 clrtext      000000
__Hcomram                  comram       000000
__Hconfig                  config       30000E
__Hconst                   const        000000
__HcstackBANK0             cstackBANK0  000000
__HcstackCOMRAM            cstackCOMRAM 000000
__Hdata                    data         000000
__Heeprom_data             eeprom_data  000000
__Hfarbss                  farbss       000000
__Hfardata                 fardata      000000
__Hibigdata                ibigdata     000000
__Hidata                   idata        000000
__Hidloc                   idloc        200008
__Hifardata                ifardata     000000
__Hinit                    init         000004
__Hintcode                 intcode      000000
__Hintcode_body            intcode_body 000000
__Hintcodelo               intcodelo    000000
__Hintentry                intentry     000000
__Hintret                  intret       000000
__Hintsave_regs            intsave_regs 000000
__Hirdata                  irdata       000000
__Hmediumconst             mediumconst  010000
__HnvFARRAM                nvFARRAM     000000
__Hnvbit                   nvbit        000000
__Hnvrram                  nvrram       000000
__Hparam                   rparam       000000
__Hpowerup                 powerup      000000
__Hram                     ram          000000
__Hramtop                  ramtop       001000
__Hrbit                    rbit         000000
__Hrbss                    rbss         000000
__Hrdata                   rdata        000000
__Hreset_vec               reset_vec    000000
__Hrparam                  rparam       000000
__Hsfr                     sfr          000000
__Hsmallconst              smallconst   000000
__Hspace_0                 (abs)        30000E
__Hspace_1                 (abs)        0000A6
__Hspace_2                 (abs)        000000
__Hstack                   stack        000000
__Hstruct                  struct       000000
__Htemp                    temp         000000
__Htext                    text         000000
__Htext0                   text0        000000
__Htext1                   text1        000000
__Htext10                  text10       000000
__Htext11                  text11       000000
__Htext12                  text12       000000
__Htext13                  text13       000000
__Htext14                  text14       000000
__Htext15                  text15       000000
__Htext16                  text16       000000
__Htext17                  text17       000000
__Htext18                  text18       000000
__Htext19                  text19       000000
__Htext2                   text2        000000
__Htext20                  text20       000000
__Htext21                  text21       000000
__Htext22                  text22       000000
__Htext23                  text23       000000
__Htext24                  text24       000000
__Htext25                  text25       000000
__Htext26                  text26       000000
__Htext27                  text27       000000
__Htext28                  text28       000000
__Htext29                  text29       000000
__Htext3                   text3        000000
__Htext30                  text30       000000
__Htext31                  text31       000000
__Htext32                  text32       000000
__Htext33                  text33       000000
__Htext34                  text34       000000
__Htext35                  text35       000000
__Htext36                  text36       000000
__Htext37                  text37       000000
__Htext38                  text38       000000
__Htext39                  text39       000000
__Htext4                   text4        000000
__Htext40                  text40       000000
__Htext41                  text41       000000
__Htext42                  text42       000000
__Htext43                  text43       000000
__Htext5                   text5        000000
__Htext6                   text6        000000
__Htext7                   text7        000000
__Htext8                   text8        000000
__Htext9                   text9        000000
__LRAM                     (abs)        000001
__Labs1                    abs1         000000
__Lbank0                   bank0        000000
__Lbank1                   bank1        000000
__Lbank10                  bank10       000000
__Lbank11                  bank11       000000
__Lbank12                  bank12       000000
__Lbank13                  bank13       000000
__Lbank14                  bank14       000000
__Lbank15                  bank15       000000
__Lbank2                   bank2        000000
__Lbank3                   bank3        000000
__Lbank4                   bank4        000000
__Lbank5                   bank5        000000
__Lbank6                   bank6        000000
__Lbank7                   bank7        000000
__Lbank8                   bank8        000000
__Lbank9                   bank9        000000
__Lbigbss                  bigbss       000000
__Lbigdata                 bigdata      000000
__Lbigram                  bigram       000000
__Lbss                     bss          000000
__LbssCOMRAM               bssCOMRAM    000000
__Lcinit                   cinit        000000
__Lclrtext                 clrtext      000000
__Lcomram                  comram       000000
__Lconfig                  config       300000
__Lconst                   const        000000
__LcstackBANK0             cstackBANK0  000000
__LcstackCOMRAM            cstackCOMRAM 000000
__Ldata                    data         000000
__Leeprom_data             eeprom_data  000000
__Lfarbss                  farbss       000000
__Lfardata                 fardata      000000
__Libigdata                ibigdata     000000
__Lidata                   idata        000000
__Lidloc                   idloc        200000
__Lifardata                ifardata     000000
__Linit                    init         000000
__Lintcode                 intcode      000000
__Lintcode_body            intcode_body 000000
__Lintcodelo               intcodelo    000000
__Lintentry                intentry     000000
__Lintret                  intret       000000
__Lintsave_regs            intsave_regs 000000
__Lirdata                  irdata       000000
__Lmediumconst             mediumconst  00FEAC
__LnvFARRAM                nvFARRAM     000000
__Lnvbit                   nvbit        000000
__Lnvrram                  nvrram       000000
__Lparam                   rparam       000000
__Lpowerup                 powerup      000000
__Lram                     ram          000000
__Lramtop                  ramtop       001000
__Lrbit                    rbit         000000
__Lrbss                    rbss         000000
__Lrdata                   rdata        000000
__Lreset_vec               reset_vec    000000
__Lrparam                  rparam       000000
__Lsfr                     sfr          000000
__Lsmallconst              smallconst   000000
__Lspace_0                 (abs)        000000
__Lspace_1                 (abs)        000000
__Lspace_2                 (abs)        000000
__Lstack                   stack        000000
__Lstruct                  struct       000000
__Ltemp                    temp         000000
__Ltext                    text         000000
__Ltext0                   text0        000000
__Ltext1                   text1        000000
__Ltext10                  text10       000000
__Ltext11                  text11       000000
__Ltext12                  text12       000000
__Ltext13                  text13       000000
__Ltext14                  text14       000000
__Ltext15                  text15       000000
__Ltext16                  text16       000000
__Ltext17                  text17       000000
__Ltext18                  text18       000000
__Ltext19                  text19       000000
__Ltext2                   text2        000000
__Ltext20                  text20       000000
__Ltext21                  text21       000000
__Ltext22                  text22       000000
__Ltext23                  text23       000000
__Ltext24                  text24       000000
__Ltext25                  text25       000000
__Ltext26                  text26       000000
__Ltext27                  text27       000000
__Ltext28                  text28       000000
__Ltext29                  text29       000000
__Ltext3                   text3        000000
__Ltext30                  text30       000000
__Ltext31                  text31       000000
__Ltext32                  text32       000000
__Ltext33                  text33       000000
__Ltext34                  text34       000000
__Ltext35                  text35       000000
__Ltext36                  text36       000000
__Ltext37                  text37       000000
__Ltext38                  text38       000000
__Ltext39                  text39       000000
__Ltext4                   text4        000000
__Ltext40                  text40       000000
__Ltext41                  text41       000000
__Ltext42                  text42       000000
__Ltext43                  text43       000000
__Ltext5                   text5        000000
__Ltext6                   text6        000000
__Ltext7                   text7        000000
__Ltext8                   text8        000000
__Ltext9                   text9        000000
__S0                       (abs)        30000E
__S1                       (abs)        0000A6
__S2                       (abs)        000000
___altoft                  text11       00E64C
___altoft@c                cstackCOMRAM 000037
___altoft@exp              cstackCOMRAM 00003F
___altoft@sign             cstackCOMRAM 000040
___awdiv                   text40       00E746
___awdiv@counter           cstackCOMRAM 00000B
___awdiv@dividend          cstackCOMRAM 000007
___awdiv@divisor           cstackCOMRAM 000009
___awdiv@quotient          cstackCOMRAM 00000D
___awdiv@sign              cstackCOMRAM 00000C
___awmod                   text39       00E56A
___awmod@counter           cstackCOMRAM 000005
___awmod@dividend          cstackCOMRAM 000001
___awmod@divisor           cstackCOMRAM 000003
___awmod@sign              cstackCOMRAM 000006
___awtoft                  text18       00E2CA
___awtoft@c                cstackCOMRAM 000009
___awtoft@sign             cstackCOMRAM 00000C
___ftadd                   text15       00F5BA
___ftadd@exp1              cstackCOMRAM 000027
___ftadd@exp2              cstackCOMRAM 000026
___ftadd@f1                cstackCOMRAM 00001C
___ftadd@f2                cstackCOMRAM 00001F
___ftadd@sign              cstackCOMRAM 000025
___ftdiv                   text17       00ECCC
___ftdiv@cntr              cstackCOMRAM 000012
___ftdiv@exp               cstackCOMRAM 000016
___ftdiv@f1                cstackCOMRAM 000009
___ftdiv@f2                cstackCOMRAM 00000C
___ftdiv@f3                cstackCOMRAM 000013
___ftdiv@sign              cstackCOMRAM 000017
___ftge                    text10       00E7CA
___ftge@ff1                cstackCOMRAM 000001
___ftge@ff2                cstackCOMRAM 000004
___ftmul                   text13       00EDB2
___ftmul@cntr              cstackCOMRAM 00001A
___ftmul@exp               cstackCOMRAM 000016
___ftmul@f1                cstackCOMRAM 00000D
___ftmul@f2                cstackCOMRAM 000010
___ftmul@f3_as_product     cstackCOMRAM 000017
___ftmul@sign              cstackCOMRAM 00001B
___ftneg                   text16       00E234
___ftneg@f1                cstackCOMRAM 000001
___ftpack                  text20       00E8EA
___ftpack@arg              cstackCOMRAM 000001
___ftpack@exp              cstackCOMRAM 000004
___ftpack@sign             cstackCOMRAM 000005
___ftsub                   text14       00E302
___ftsub@f1                cstackCOMRAM 000028
___ftsub@f2                cstackCOMRAM 00002B
___fttol                   text9        00EEA6
___fttol@exp1              cstackCOMRAM 000036
___fttol@f1                cstackCOMRAM 000028
___fttol@lval              cstackCOMRAM 000032
___fttol@sign1             cstackCOMRAM 000031
___inthi_sp                stack        000000
___intlo_sp                stack        000000
___lldiv                   text43       00E6C4
___lldiv@counter           cstackCOMRAM 00000D
___lldiv@dividend          cstackCOMRAM 000001
___lldiv@divisor           cstackCOMRAM 000005
___lldiv@quotient          cstackCOMRAM 000009
___lltoft                  text19       00E50E
___lltoft@c                cstackCOMRAM 000009
___lltoft@exp              cstackCOMRAM 000011
___lwdiv                   text35       00E462
___lwdiv@counter           cstackCOMRAM 000007
___lwdiv@dividend          cstackCOMRAM 000001
___lwdiv@divisor           cstackCOMRAM 000003
___lwdiv@quotient          cstackCOMRAM 000005
___lwmod                   text34       00E342
___lwmod@counter           cstackCOMRAM 00000C
___lwmod@dividend          cstackCOMRAM 000008
___lwmod@divisor           cstackCOMRAM 00000A
___param_bank              (abs)        000000
___rparam_used             (abs)        000001
___sp                      stack        000000
___wmul                    text33       00E258
___wmul@multiplicand       cstackCOMRAM 000003
___wmul@multiplier         cstackCOMRAM 000001
___wmul@product            cstackCOMRAM 000005
__accesstop                (abs)        000080
__activetblptr             (abs)        000002
__end_of_I2C_Master_Init   text42       00E50E
__end_of_I2C_Master_Read   text26       00E2CA
__end_of_I2C_Master_Start  text25       00E1CC
__end_of_I2C_Master_Stop   text24       00E1D4
__end_of_I2C_Master_Wait   text27       00E216
__end_of_I2C_Master_Write  text23       00E1DE
__end_of___altoft          text11       00E6C4
__end_of___awdiv           text40       00E7CA
__end_of___awmod           text39       00E5DA
__end_of___awtoft          text18       00E302
__end_of___ftadd           text15       00F766
__end_of___ftdiv           text17       00EDB2
__end_of___ftge            text10       00E85A
__end_of___ftmul           text13       00EEA6
__end_of___ftneg           text16       00E258
__end_of___ftpack          text20       00E998
__end_of___ftsub           text14       00E342
__end_of___fttol           text9        00EF9A
__end_of___lldiv           text43       00E746
__end_of___lltoft          text19       00E56A
__end_of___lwdiv           text35       00E4B4
__end_of___lwmod           text34       00E384
__end_of___wmul            text33       00E27E
__end_of__initialization   cinit        00E1FA
__end_of_dec_to_hex        text2        00F096
__end_of_delay             text41       00E3C8
__end_of_dpowers           mediumconst  00FEC8
__end_of_end_phase         text28       00FB32
__end_of_eval_poly         text12       00EBEE
__end_of_exp               text5        00F94A
__end_of_floor             text7        00ECCC
__end_of_frexp             text8        00E8EA
__end_of_happynewyear      mediumconst  00FED7
__end_of_hexpowers         mediumconst  00FED0
__end_of_initLCD           text36       00E414
__end_of_isdigit           text32       00E234
__end_of_keys              mediumconst  00FEBE
__end_of_lcdInst           text37       00E1EA
__end_of_lcdNibble         text38       00E462
__end_of_ldexp             text6        00EB1C
__end_of_log               text4        00F1B0
__end_of_main              text0        00F448
__end_of_message           text29       00E2A4
__end_of_pow               text3        00F5BA
__end_of_printf            text30       00FEAC
__end_of_putch             text31       00E1F6
__end_of_stand_by          text21       00EA5A
__end_of_time_difference   text1        00F2EC
__end_of_update_time       text22       00E64C
__end_ofexp@coeff          mediumconst  00FEF5
__end_oflog@coeff          mediumconst  00FF10
__initialization           cinit        00E1F6
__mediumconst              mediumconst  00FEAC
__pbssCOMRAM               bssCOMRAM    00007A
__pcinit                   cinit        00E1F6
__pcstackBANK0             cstackBANK0  000080
__pcstackCOMRAM            cstackCOMRAM 000001
__pmediumconst             mediumconst  00FEAC
__ptext0                   text0        00F2EC
__ptext1                   text1        00F1B0
__ptext10                  text10       00E7CA
__ptext11                  text11       00E64C
__ptext12                  text12       00EB1C
__ptext13                  text13       00EDB2
__ptext14                  text14       00E302
__ptext15                  text15       00F5BA
__ptext16                  text16       00E234
__ptext17                  text17       00ECCC
__ptext18                  text18       00E2CA
__ptext19                  text19       00E50E
__ptext2                   text2        00EF9A
__ptext20                  text20       00E8EA
__ptext21                  text21       00E998
__ptext22                  text22       00E5DA
__ptext23                  text23       00E1D4
__ptext24                  text24       00E1CC
__ptext25                  text25       00E1C4
__ptext26                  text26       00E2A4
__ptext27                  text27       00E204
__ptext28                  text28       00F94A
__ptext29                  text29       00E27E
__ptext3                   text3        00F448
__ptext30                  text30       00FB32
__ptext31                  text31       00E1EA
__ptext32                  text32       00E216
__ptext33                  text33       00E258
__ptext34                  text34       00E342
__ptext35                  text35       00E462
__ptext36                  text36       00E3C8
__ptext37                  text37       00E1DE
__ptext38                  text38       00E414
__ptext39                  text39       00E56A
__ptext4                   text4        00F096
__ptext40                  text40       00E746
__ptext41                  text41       00E384
__ptext42                  text42       00E4B4
__ptext43                  text43       00E6C4
__ptext5                   text5        00F766
__ptext6                   text6        00EA5A
__ptext7                   text7        00EBEE
__ptext8                   text8        00E85A
__ptext9                   text9        00EEA6
__ramtop                   ramtop       001000
__size_of_I2C_Master_Init  (abs)        000000
__size_of_I2C_Master_Read  (abs)        000000
__size_of_I2C_Master_Start (abs)        000000
__size_of_I2C_Master_Stop  (abs)        000000
__size_of_I2C_Master_Wait  (abs)        000000
__size_of_I2C_Master_Write (abs)        000000
__size_of___altoft         (abs)        000000
__size_of___awdiv          (abs)        000000
__size_of___awmod          (abs)        000000
__size_of___awtoft         (abs)        000000
__size_of___ftadd          (abs)        000000
__size_of___ftdiv          (abs)        000000
__size_of___ftge           (abs)        000000
__size_of___ftmul          (abs)        000000
__size_of___ftneg          (abs)        000000
__size_of___ftpack         (abs)        000000
__size_of___ftsub          (abs)        000000
__size_of___fttol          (abs)        000000
__size_of___lldiv          (abs)        000000
__size_of___lltoft         (abs)        000000
__size_of___lwdiv          (abs)        000000
__size_of___lwmod          (abs)        000000
__size_of___wmul           (abs)        000000
__size_of_dec_to_hex       (abs)        000000
__size_of_delay            (abs)        000000
__size_of_end_phase        (abs)        000000
__size_of_eval_poly        (abs)        000000
__size_of_exp              (abs)        000000
__size_of_floor            (abs)        000000
__size_of_frexp            (abs)        000000
__size_of_initLCD          (abs)        000000
__size_of_isdigit          (abs)        000000
__size_of_lcdInst          (abs)        000000
__size_of_lcdNibble        (abs)        000000
__size_of_ldexp            (abs)        000000
__size_of_log              (abs)        000000
__size_of_main             (abs)        000000
__size_of_message          (abs)        000000
__size_of_pow              (abs)        000000
__size_of_printf           (abs)        000000
__size_of_putch            (abs)        000000
__size_of_stand_by         (abs)        000000
__size_of_time_difference  (abs)        000000
__size_of_update_time      (abs)        000000
__smallconst               smallconst   000000
_dec_to_hex                text2        00EF9A
_dec_to_hex$1015           cstackCOMRAM 000065
_dec_to_hex$1016           cstackCOMRAM 000068
_delay                     text41       00E384
_dpowers                   mediumconst  00FEBE
_end_phase                 text28       00F94A
_errno                     bssCOMRAM    00007A
_eval_poly                 text12       00EB1C
_exp                       text5        00F766
_exp$1019                  cstackCOMRAM 00004C
_floor                     text7        00EBEE
_frexp                     text8        00E85A
_happynewyear              mediumconst  00FED0
_hexpowers                 mediumconst  00FEC8
_initLCD                   text36       00E3C8
_isdigit                   text32       00E216
_isdigit$597               cstackCOMRAM 000002
_keys                      mediumconst  00FEAD
_lcdInst                   text37       00E1DE
_lcdNibble                 text38       00E414
_ldexp                     text6        00EA5A
_log                       text4        00F096
_main                      text0        00F2EC
_message                   text29       00E27E
_nRBPU                     (abs)        007F8F
_pow                       text3        00F448
_pow$1017                  cstackCOMRAM 000058
_pow$1018                  cstackCOMRAM 00005B
_printf                    text30       00FB32
_putch                     text31       00E1EA
_stand_by                  text21       00E998
_time_difference           text1        00F1B0
_update_time               text22       00E5DA
dec_to_hex@hexnum          cstackCOMRAM 00006F
dec_to_hex@i               cstackCOMRAM 00006D
dec_to_hex@num             cstackCOMRAM 000063
dec_to_hex@quotient        cstackCOMRAM 000071
dec_to_hex@temp            cstackCOMRAM 00006B
delay@i                    cstackCOMRAM 000004
delay@i_235                cstackCOMRAM 000006
delay@seconds              cstackCOMRAM 000001
end_of_initialization      cinit        00E1FA
end_phase@hours            cstackCOMRAM 00002F
end_phase@min              cstackCOMRAM 000031
end_phase@pg               cstackCOMRAM 000035
end_phase@sec              cstackCOMRAM 000033
end_phase@time             cstackCOMRAM 00002B
eval_poly@d                cstackCOMRAM 00002B
eval_poly@n                cstackCOMRAM 00002D
eval_poly@res              cstackCOMRAM 000031
eval_poly@x                cstackCOMRAM 000028
exp@coeff                  mediumconst  00FED7
exp@exponent               cstackCOMRAM 00004F
exp@sign                   cstackCOMRAM 000051
exp@x                      cstackCOMRAM 000049
floor@expon                cstackCOMRAM 000047
floor@i                    cstackCOMRAM 000044
floor@x                    cstackCOMRAM 000041
frexp@eptr                 cstackCOMRAM 000004
frexp@value                cstackCOMRAM 000001
intlevel0                  text         000000
intlevel1                  text         000000
intlevel2                  text         000000
intlevel3                  text         000000
isdigit@c                  cstackCOMRAM 000003
lcdInst@data               cstackCOMRAM 000003
lcdNibble@data             cstackCOMRAM 000002
lcdNibble@temp             cstackCOMRAM 000001
ldexp@newexp               cstackCOMRAM 000037
ldexp@value                cstackCOMRAM 000034
log@coeff                  mediumconst  00FEF5
log@exponent               cstackCOMRAM 000037
log@x                      cstackCOMRAM 000034
main@d                     cstackBANK0  0000A4
main@end_time              cstackBANK0  00009D
main@start_time            cstackBANK0  000096
main@time                  cstackBANK0  00008F
message@line1              cstackCOMRAM 000027
message@line2              cstackCOMRAM 000029
pow@sign                   cstackCOMRAM 00005E
pow@x                      cstackCOMRAM 000052
pow@y                      cstackCOMRAM 000055
pow@yi                     cstackCOMRAM 00005F
printf@ap                  cstackCOMRAM 00001C
printf@c                   cstackCOMRAM 000026
printf@cp                  cstackCOMRAM 000019
printf@f                   cstackCOMRAM 00000D
printf@flag                cstackCOMRAM 000023
printf@idx                 cstackCOMRAM 00001B
printf@len                 cstackCOMRAM 00001E
printf@prec                cstackCOMRAM 000020
printf@val                 cstackCOMRAM 000021
printf@width               cstackCOMRAM 000024
putch@data                 cstackCOMRAM 000003
stackhi                    (abs)        000F7F
stacklo                    (abs)        0000A6
stand_by@time              cstackCOMRAM 000027
start                      init         000000
start_initialization       cinit        00E1F6
time_difference@d1         cstackBANK0  00008C
time_difference@d2         cstackBANK0  00008D
time_difference@d3         cstackBANK0  00008E
time_difference@hr1        cstackBANK0  000080
time_difference@hr2        cstackBANK0  000082
time_difference@min1       cstackBANK0  000084
time_difference@min2       cstackBANK0  000086
time_difference@s1         cstackBANK0  000088
time_difference@s2         cstackBANK0  00008A
time_difference@time1      cstackCOMRAM 000073
time_difference@time2      cstackCOMRAM 000075
update_time@i              cstackCOMRAM 000006
update_time@time           cstackCOMRAM 000004


FUNCTION INFORMATION:

 *************** function _main *****************
 Defined at:
		line 38 in file "main.c"
 Parameters:    Size  Location     Type
		None
 Auto vars:     Size  Location     Type
  end_time        7   29[BANK0 ] unsigned char [7]
  start_time      7   22[BANK0 ] unsigned char [7]
  time            7   15[BANK0 ] unsigned char [7]
  d               2   36[BANK0 ] int 
 Return value:  Size  Location     Type
                  1    wreg      void 
 Registers used:
		wreg, fsr2l, fsr2h, status,2, status,0, tblptrl, tblptrh, tblptru, prodl, prodh, cstack
 Tracked objects:
		On entry : 
		On exit  : 
		Unchanged: 
 Data sizes:     COMRAM   BANK0   BANK1   BANK2   BANK3   BANK4   BANK5   BANK6   BANK7   BANK8   BANK9  BANK10  BANK11  BANK12  BANK13  BANK14  BANK15
      Params:         0       0       0       0       0       0       0       0       0       0       0       0       0       0       0       0       0
      Locals:         0      23       0       0       0       0       0       0       0       0       0       0       0       0       0       0       0
      Temps:          2       0       0       0       0       0       0       0       0       0       0       0       0       0       0       0       0
      Totals:         2      23       0       0       0       0       0       0       0       0       0       0       0       0       0       0       0
Total ram usage:       25 bytes
 Hardware stack levels required when called:    7
 This function calls:
		_I2C_Master_Init
		_delay
		_end_phase
		_initLCD
		_lcdInst
		_printf
		_stand_by
		_time_difference
		_update_time
 This function is called by:
		Startup code after reset
 This function uses a non-reentrant model


 *************** function _time_difference *****************
 Defined at:
		line 239 in file "main.c"
 Parameters:    Size  Location     Type
  time1           2  114[COMRAM] PTR unsigned char 
		 -> main@end_time(7), 
  time2           2  116[COMRAM] PTR unsigned char 
		 -> main@start_time(7), 
 Auto vars:     Size  Location     Type
  s2              2   10[BANK0 ] int 
  s1              2    8[BANK0 ] int 
  min2            2    6[BANK0 ] int 
  min1            2    4[BANK0 ] int 
  hr2             2    2[BANK0 ] int 
  hr1             2    0[BANK0 ] int 
  d3              1   14[BANK0 ] unsigned char 
  d2              1   13[BANK0 ] unsigned char 
  d1              1   12[BANK0 ] unsigned char 
 Return value:  Size  Location     Type
                  2  114[COMRAM] int 
 Registers used:
		wreg, fsr2l, fsr2h, status,2, status,0, tblptrl, tblptrh, tblptru, prodl, prodh, cstack
 Tracked objects:
		On entry : 
		On exit  : 
		Unchanged: 
 Data sizes:     COMRAM   BANK0   BANK1   BANK2   BANK3   BANK4   BANK5   BANK6   BANK7   BANK8   BANK9  BANK10  BANK11  BANK12  BANK13  BANK14  BANK15
      Params:         4       0       0       0       0       0       0       0       0       0       0       0       0       0       0       0       0
      Locals:         0      15       0       0       0       0       0       0       0       0       0       0       0       0       0       0       0
      Temps:          1       0       0       0       0       0       0       0       0       0       0       0       0       0       0       0       0
      Totals:         5      15       0       0       0       0       0       0       0       0       0       0       0       0       0       0       0
Total ram usage:       20 bytes
 Hardware stack levels used:    1
 Hardware stack levels required when called:    6
 This function calls:
		___wmul
		_dec_to_hex
		_initLCD
		_lcdInst
 This function is called by:
		_main
 This function uses a non-reentrant model


 *************** function _dec_to_hex *****************
 Defined at:
		line 255 in file "main.c"
 Parameters:    Size  Location     Type
  num             2   98[COMRAM] int 
 Auto vars:     Size  Location     Type
  quotient        2  112[COMRAM] int 
  hexnum          2  110[COMRAM] int 
  i               2  108[COMRAM] int 
  temp            2  106[COMRAM] int 
 Return value:  Size  Location     Type
                  2   98[COMRAM] int 
 Registers used:
		wreg, fsr2l, fsr2h, status,2, status,0, tblptrl, tblptrh, tblptru, prodl, prodh, cstack
 Tracked objects:
		On entry : 
		On exit  : 
		Unchanged: 
 Data sizes:     COMRAM   BANK0   BANK1   BANK2   BANK3   BANK4   BANK5   BANK6   BANK7   BANK8   BANK9  BANK10  BANK11  BANK12  BANK13  BANK14  BANK15
      Params:         2       0       0       0       0       0       0       0       0       0       0       0       0       0       0       0       0
      Locals:        14       0       0       0       0       0       0       0       0       0       0       0       0       0       0       0       0
      Temps:          0       0       0       0       0       0       0       0       0       0       0       0       0       0       0       0       0
      Totals:        16       0       0       0       0       0       0       0       0       0       0       0       0       0       0       0       0
Total ram usage:       16 bytes
 Hardware stack levels used:    1
 Hardware stack levels required when called:    5
 This function calls:
		___awdiv
		___awtoft
		___ftadd
		___ftmul
		___fttol
		_pow
 This function is called by:
		_time_difference
 This function uses a non-reentrant model


 *************** function _pow *****************
 Defined at:
		line 5 in file "C:\Program Files (x86)\Microchip\xc8\v1.40\sources\common\pow.c"
 Parameters:    Size  Location     Type
  x               3   81[COMRAM] int 
  y               3   84[COMRAM] int 
 Auto vars:     Size  Location     Type
  yi              4   94[COMRAM] unsigned long 
  sign            1   93[COMRAM] unsigned char 
 Return value:  Size  Location     Type
                  3   81[COMRAM] unsigned char 
 Registers used:
		wreg, fsr2l, fsr2h, status,2, status,0, tblptrl, tblptrh, tblptru, prodl, prodh, cstack
 Tracked objects:
		On entry : 
		On exit  : 
		Unchanged: 
 Data sizes:     COMRAM   BANK0   BANK1   BANK2   BANK3   BANK4   BANK5   BANK6   BANK7   BANK8   BANK9  BANK10  BANK11  BANK12  BANK13  BANK14  BANK15
      Params:         6       0       0       0       0       0       0       0       0       0       0       0       0       0       0       0       0
      Locals:        11       0       0       0       0       0       0       0       0       0       0       0       0       0       0       0       0
      Temps:          0       0       0       0       0       0       0       0       0       0       0       0       0       0       0       0       0
      Totals:        17       0       0       0       0       0       0       0       0       0       0       0       0       0       0       0       0
Total ram usage:       17 bytes
 Hardware stack levels used:    1
 Hardware stack levels required when called:    4
 This function calls:
		___ftge
		___ftmul
		___ftneg
		___fttol
		___lltoft
		_exp
		_log
 This function is called by:
		_dec_to_hex
 This function uses a non-reentrant model


 *************** function _log *****************
 Defined at:
		line 5 in file "C:\Program Files (x86)\Microchip\xc8\v1.40\sources\common\log.c"
 Parameters:    Size  Location     Type
  x               3   51[COMRAM] unsigned char 
 Auto vars:     Size  Location     Type
  exponent        2   54[COMRAM] int 
 Return value:  Size  Location     Type
                  3   51[COMRAM] int 
 Registers used:
		wreg, fsr2l, fsr2h, status,2, status,0, tblptrl, tblptrh, tblptru, prodl, prodh, cstack
 Tracked objects:
		On entry : 
		On exit  : 
		Unchanged: 
 Data sizes:     COMRAM   BANK0   BANK1   BANK2   BANK3   BANK4   BANK5   BANK6   BANK7   BANK8   BANK9  BANK10  BANK11  BANK12  BANK13  BANK14  BANK15
      Params:         3       0       0       0       0       0       0       0       0       0       0       0       0       0       0       0       0
      Locals:         2       0       0       0       0       0       0       0       0       0       0       0       0       0       0       0       0
      Temps:          0       0       0       0       0       0       0       0       0       0       0       0       0       0       0       0       0
      Totals:         5       0       0       0       0       0       0       0       0       0       0       0       0       0       0       0       0
Total ram usage:        5 bytes
 Hardware stack levels used:    1
 Hardware stack levels required when called:    3
 This function calls:
		___awtoft
		___ftadd
		___ftmul
		_eval_poly
		_frexp
 This function is called by:
		_pow
 This function uses a non-reentrant model


 *************** function _exp *****************
 Defined at:
		line 12 in file "C:\Program Files (x86)\Microchip\xc8\v1.40\sources\common\exp.c"
 Parameters:    Size  Location     Type
  x               3   72[COMRAM] int 
 Auto vars:     Size  Location     Type
  exponent        2   78[COMRAM] int 
  sign            1   80[COMRAM] unsigned char 
 Return value:  Size  Location     Type
                  3   72[COMRAM] unsigned char 
 Registers used:
		wreg, fsr2l, fsr2h, status,2, status,0, tblptrl, tblptrh, tblptru, prodl, prodh, cstack
 Tracked objects:
		On entry : 
		On exit  : 
		Unchanged: 
 Data sizes:     COMRAM   BANK0   BANK1   BANK2   BANK3   BANK4   BANK5   BANK6   BANK7   BANK8   BANK9  BANK10  BANK11  BANK12  BANK13  BANK14  BANK15
      Params:         3       0       0       0       0       0       0       0       0       0       0       0       0       0       0       0       0
      Locals:         6       0       0       0       0       0       0       0       0       0       0       0       0       0       0       0       0
      Temps:          0       0       0       0       0       0       0       0       0       0       0       0       0       0       0       0       0
      Totals:         9       0       0       0       0       0       0       0       0       0       0       0       0       0       0       0       0
Total ram usage:        9 bytes
 Hardware stack levels used:    1
 Hardware stack levels required when called:    3
 This function calls:
		___awtoft
		___ftdiv
		___ftge
		___ftmul
		___ftneg
		___ftsub
		___fttol
		_eval_poly
		_floor
		_ldexp
 This function is called by:
		_pow
 This function uses a non-reentrant model


 *************** function _ldexp *****************
 Defined at:
		line 277 in file "C:\Program Files (x86)\Microchip\xc8\v1.40\sources\common\frexp.c"
 Parameters:    Size  Location     Type
  value           3   51[COMRAM] unsigned char 
  newexp          2   54[COMRAM] int 
 Auto vars:     Size  Location     Type
		None
 Return value:  Size  Location     Type
                  3   51[COMRAM] int 
 Registers used:
		wreg, status,2, status,0
 Tracked objects:
		On entry : 
		On exit  : 
		Unchanged: 
 Data sizes:     COMRAM   BANK0   BANK1   BANK2   BANK3   BANK4   BANK5   BANK6   BANK7   BANK8   BANK9  BANK10  BANK11  BANK12  BANK13  BANK14  BANK15
      Params:         5       0       0       0       0       0       0       0       0       0       0       0       0       0       0       0       0
      Locals:         0       0       0       0       0       0       0       0       0       0       0       0       0       0       0       0       0
      Temps:          2       0       0       0       0       0       0       0       0       0       0       0       0       0       0       0       0
      Totals:         7       0       0       0       0       0       0       0       0       0       0       0       0       0       0       0       0
Total ram usage:        7 bytes
 Hardware stack levels used:    1
 This function calls:
		Nothing
 This function is called by:
		_exp
 This function uses a non-reentrant model


 *************** function _floor *****************
 Defined at:
		line 13 in file "C:\Program Files (x86)\Microchip\xc8\v1.40\sources\common\floor.c"
 Parameters:    Size  Location     Type
  x               3   64[COMRAM] int 
 Auto vars:     Size  Location     Type
  i               3   67[COMRAM] int 
  expon           2   70[COMRAM] int 
 Return value:  Size  Location     Type
                  3   64[COMRAM] int 
 Registers used:
		wreg, fsr2l, fsr2h, status,2, status,0, cstack
 Tracked objects:
		On entry : 
		On exit  : 
		Unchanged: 
 Data sizes:     COMRAM   BANK0   BANK1   BANK2   BANK3   BANK4   BANK5   BANK6   BANK7   BANK8   BANK9  BANK10  BANK11  BANK12  BANK13  BANK14  BANK15
      Params:         3       0       0       0       0       0       0       0       0       0       0       0       0       0       0       0       0
      Locals:         5       0       0       0       0       0       0       0       0       0       0       0       0       0       0       0       0
      Temps:          0       0       0       0       0       0       0       0       0       0       0       0       0       0       0       0       0
      Totals:         8       0       0       0       0       0       0       0       0       0       0       0       0       0       0       0       0
Total ram usage:        8 bytes
 Hardware stack levels used:    1
 Hardware stack levels required when called:    2
 This function calls:
		___altoft
		___ftadd
		___ftge
		___fttol
		_frexp
 This function is called by:
		_exp
 This function uses a non-reentrant model


 *************** function _frexp *****************
 Defined at:
		line 254 in file "C:\Program Files (x86)\Microchip\xc8\v1.40\sources\common\frexp.c"
 Parameters:    Size  Location     Type
  value           3    0[COMRAM] int 
  eptr            2    3[COMRAM] PTR int 
		 -> log@exponent(2), floor@expon(2), 
 Auto vars:     Size  Location     Type
		None
 Return value:  Size  Location     Type
                  3    0[COMRAM] PTR int 
 Registers used:
		wreg, fsr2l, fsr2h, status,2, status,0
 Tracked objects:
		On entry : 
		On exit  : 
		Unchanged: 
 Data sizes:     COMRAM   BANK0   BANK1   BANK2   BANK3   BANK4   BANK5   BANK6   BANK7   BANK8   BANK9  BANK10  BANK11  BANK12  BANK13  BANK14  BANK15
      Params:         5       0       0       0       0       0       0       0       0       0       0       0       0       0       0       0       0
      Locals:         0       0       0       0       0       0       0       0       0       0       0       0       0       0       0       0       0
      Temps:          2       0       0       0       0       0       0       0       0       0       0       0       0       0       0       0       0
      Totals:         7       0       0       0       0       0       0       0       0       0       0       0       0       0       0       0       0
Total ram usage:        7 bytes
 Hardware stack levels used:    1
 This function calls:
		Nothing
 This function is called by:
		_floor
		_log
 This function uses a non-reentrant model


 *************** function ___fttol *****************
 Defined at:
		line 44 in file "C:\Program Files (x86)\Microchip\xc8\v1.40\sources\common\fttol.c"
 Parameters:    Size  Location     Type
  f1              3   39[COMRAM] float 
 Auto vars:     Size  Location     Type
  lval            4   49[COMRAM] unsigned long 
  exp1            1   53[COMRAM] unsigned char 
  sign1           1   48[COMRAM] unsigned char 
 Return value:  Size  Location     Type
                  4   39[COMRAM] long 
 Registers used:
		wreg, status,2, status,0
 Tracked objects:
		On entry : 
		On exit  : 
		Unchanged: 
 Data sizes:     COMRAM   BANK0   BANK1   BANK2   BANK3   BANK4   BANK5   BANK6   BANK7   BANK8   BANK9  BANK10  BANK11  BANK12  BANK13  BANK14  BANK15
      Params:         4       0       0       0       0       0       0       0       0       0       0       0       0       0       0       0       0
      Locals:         6       0       0       0       0       0       0       0       0       0       0       0       0       0       0       0       0
      Temps:          5       0       0       0       0       0       0       0       0       0       0       0       0       0       0       0       0
      Totals:        15       0       0       0       0       0       0       0       0       0       0       0       0       0       0       0       0
Total ram usage:       15 bytes
 Hardware stack levels used:    1
 This function calls:
		Nothing
 This function is called by:
		_dec_to_hex
		_pow
		_exp
		_floor
 This function uses a non-reentrant model


 *************** function ___ftge *****************
 Defined at:
		line 4 in file "C:\Program Files (x86)\Microchip\xc8\v1.40\sources\common\ftge.c"
 Parameters:    Size  Location     Type
  ff1             3    0[COMRAM] float 
  ff2             3    3[COMRAM] float 
 Auto vars:     Size  Location     Type
		None
 Return value:  Size  Location     Type
		None               void
 Registers used:
		wreg, status,2, status,0
 Tracked objects:
		On entry : 
		On exit  : 
		Unchanged: 
 Data sizes:     COMRAM   BANK0   BANK1   BANK2   BANK3   BANK4   BANK5   BANK6   BANK7   BANK8   BANK9  BANK10  BANK11  BANK12  BANK13  BANK14  BANK15
      Params:         6       0       0       0       0       0       0       0       0       0       0       0       0       0       0       0       0
      Locals:         0       0       0       0       0       0       0       0       0       0       0       0       0       0       0       0       0
      Temps:          3       0       0       0       0       0       0       0       0       0       0       0       0       0       0       0       0
      Totals:         9       0       0       0       0       0       0       0       0       0       0       0       0       0       0       0       0
Total ram usage:        9 bytes
 Hardware stack levels used:    1
 This function calls:
		Nothing
 This function is called by:
		_pow
		_exp
		_floor
 This function uses a non-reentrant model


 *************** function ___altoft *****************
 Defined at:
		line 42 in file "C:\Program Files (x86)\Microchip\xc8\v1.40\sources\common\altoft.c"
 Parameters:    Size  Location     Type
  c               4   54[COMRAM] long 
 Auto vars:     Size  Location     Type
  sign            1   63[COMRAM] unsigned char 
  exp             1   62[COMRAM] unsigned char 
 Return value:  Size  Location     Type
                  3   54[COMRAM] float 
 Registers used:
		wreg, status,2, status,0, cstack
 Tracked objects:
		On entry : 
		On exit  : 
		Unchanged: 
 Data sizes:     COMRAM   BANK0   BANK1   BANK2   BANK3   BANK4   BANK5   BANK6   BANK7   BANK8   BANK9  BANK10  BANK11  BANK12  BANK13  BANK14  BANK15
      Params:         4       0       0       0       0       0       0       0       0       0       0       0       0       0       0       0       0
      Locals:         2       0       0       0       0       0       0       0       0       0       0       0       0       0       0       0       0
      Temps:          4       0       0       0       0       0       0       0       0       0       0       0       0       0       0       0       0
      Totals:        10       0       0       0       0       0       0       0       0       0       0       0       0       0       0       0       0
Total ram usage:       10 bytes
 Hardware stack levels used:    1
 Hardware stack levels required when called:    1
 This function calls:
		___ftpack
 This function is called by:
		_floor
 This function uses a non-reentrant model


 *************** function _eval_poly *****************
 Defined at:
		line 4 in file "C:\Program Files (x86)\Microchip\xc8\v1.40\sources\common\evalpoly.c"
 Parameters:    Size  Location     Type
  x               3   39[COMRAM] float 
  d               2   42[COMRAM] PTR const 
		 -> log@coeff(27), exp@coeff(30), 
  n               2   44[COMRAM] int 
 Auto vars:     Size  Location     Type
  res             3   48[COMRAM] int 
 Return value:  Size  Location     Type
                  3   39[COMRAM] int 
 Registers used:
		wreg, status,2, status,0, tblptrl, tblptrh, tblptru, prodl, prodh, cstack
 Tracked objects:
		On entry : 
		On exit  : 
		Unchanged: 
 Data sizes:     COMRAM   BANK0   BANK1   BANK2   BANK3   BANK4   BANK5   BANK6   BANK7   BANK8   BANK9  BANK10  BANK11  BANK12  BANK13  BANK14  BANK15
      Params:         7       0       0       0       0       0       0       0       0       0       0       0       0       0       0       0       0
      Locals:         3       0       0       0       0       0       0       0       0       0       0       0       0       0       0       0       0
      Temps:          2       0       0       0       0       0       0       0       0       0       0       0       0       0       0       0       0
      Totals:        12       0       0       0       0       0       0       0       0       0       0       0       0       0       0       0       0
Total ram usage:       12 bytes
 Hardware stack levels used:    1
 Hardware stack levels required when called:    2
 This function calls:
		___ftadd
		___ftmul
		___wmul
 This function is called by:
		_exp
		_log
 This function uses a non-reentrant model


 *************** function ___ftmul *****************
 Defined at:
		line 62 in file "C:\Program Files (x86)\Microchip\xc8\v1.40\sources\common\ftmul.c"
 Parameters:    Size  Location     Type
  f1              3   12[COMRAM] float 
  f2              3   15[COMRAM] float 
 Auto vars:     Size  Location     Type
  f3_as_produc    3   22[COMRAM] unsigned um
  sign            1   26[COMRAM] unsigned char 
  cntr            1   25[COMRAM] unsigned char 
  exp             1   21[COMRAM] unsigned char 
 Return value:  Size  Location     Type
                  3   12[COMRAM] float 
 Registers used:
		wreg, status,2, status,0, cstack
 Tracked objects:
		On entry : 
		On exit  : 
		Unchanged: 
 Data sizes:     COMRAM   BANK0   BANK1   BANK2   BANK3   BANK4   BANK5   BANK6   BANK7   BANK8   BANK9  BANK10  BANK11  BANK12  BANK13  BANK14  BANK15
      Params:         6       0       0       0       0       0       0       0       0       0       0       0       0       0       0       0       0
      Locals:         6       0       0       0       0       0       0       0       0       0       0       0       0       0       0       0       0
      Temps:          3       0       0       0       0       0       0       0       0       0       0       0       0       0       0       0       0
      Totals:        15       0       0       0       0       0       0       0       0       0       0       0       0       0       0       0       0
Total ram usage:       15 bytes
 Hardware stack levels used:    1
 Hardware stack levels required when called:    1
 This function calls:
		___ftpack
 This function is called by:
		_dec_to_hex
		_pow
		_exp
		_log
		_eval_poly
 This function uses a non-reentrant model


 *************** function ___ftsub *****************
 Defined at:
		line 20 in file "C:\Program Files (x86)\Microchip\xc8\v1.40\sources\common\ftsub.c"
 Parameters:    Size  Location     Type
  f1              3   39[COMRAM] float 
  f2              3   42[COMRAM] float 
 Auto vars:     Size  Location     Type
		None
 Return value:  Size  Location     Type
                  3   39[COMRAM] float 
 Registers used:
		wreg, status,2, status,0, cstack
 Tracked objects:
		On entry : 
		On exit  : 
		Unchanged: 
 Data sizes:     COMRAM   BANK0   BANK1   BANK2   BANK3   BANK4   BANK5   BANK6   BANK7   BANK8   BANK9  BANK10  BANK11  BANK12  BANK13  BANK14  BANK15
      Params:         6       0       0       0       0       0       0       0       0       0       0       0       0       0       0       0       0
      Locals:         0       0       0       0       0       0       0       0       0       0       0       0       0       0       0       0       0
      Temps:          0       0       0       0       0       0       0       0       0       0       0       0       0       0       0       0       0
      Totals:         6       0       0       0       0       0       0       0       0       0       0       0       0       0       0       0       0
Total ram usage:        6 bytes
 Hardware stack levels used:    1
 Hardware stack levels required when called:    2
 This function calls:
		___ftadd
 This function is called by:
		_exp
 This function uses a non-reentrant model


 *************** function ___ftadd *****************
 Defined at:
		line 86 in file "C:\Program Files (x86)\Microchip\xc8\v1.40\sources\common\ftadd.c"
 Parameters:    Size  Location     Type
  f1              3   27[COMRAM] float 
  f2              3   30[COMRAM] float 
 Auto vars:     Size  Location     Type
  exp1            1   38[COMRAM] unsigned char 
  exp2            1   37[COMRAM] unsigned char 
  sign            1   36[COMRAM] unsigned char 
 Return value:  Size  Location     Type
                  3   27[COMRAM] float 
 Registers used:
		wreg, status,2, status,0, cstack
 Tracked objects:
		On entry : 
		On exit  : 
		Unchanged: 
 Data sizes:     COMRAM   BANK0   BANK1   BANK2   BANK3   BANK4   BANK5   BANK6   BANK7   BANK8   BANK9  BANK10  BANK11  BANK12  BANK13  BANK14  BANK15
      Params:         6       0       0       0       0       0       0       0       0       0       0       0       0       0       0       0       0
      Locals:         3       0       0       0       0       0       0       0       0       0       0       0       0       0       0       0       0
      Temps:          3       0       0       0       0       0       0       0       0       0       0       0       0       0       0       0       0
      Totals:        12       0       0       0       0       0       0       0       0       0       0       0       0       0       0       0       0
Total ram usage:       12 bytes
 Hardware stack levels used:    1
 Hardware stack levels required when called:    1
 This function calls:
		___ftpack
 This function is called by:
		_dec_to_hex
		___ftsub
		_floor
		_log
		_eval_poly
 This function uses a non-reentrant model


 *************** function ___ftneg *****************
 Defined at:
		line 15 in file "C:\Program Files (x86)\Microchip\xc8\v1.40\sources\common\ftneg.c"
 Parameters:    Size  Location     Type
  f1              3    0[COMRAM] float 
 Auto vars:     Size  Location     Type
		None
 Return value:  Size  Location     Type
                  3    0[COMRAM] float 
 Registers used:
		wreg, status,2, status,0
 Tracked objects:
		On entry : 
		On exit  : 
		Unchanged: 
 Data sizes:     COMRAM   BANK0   BANK1   BANK2   BANK3   BANK4   BANK5   BANK6   BANK7   BANK8   BANK9  BANK10  BANK11  BANK12  BANK13  BANK14  BANK15
      Params:         3       0       0       0       0       0       0       0       0       0       0       0       0       0       0       0       0
      Locals:         0       0       0       0       0       0       0       0       0       0       0       0       0       0       0       0       0
      Temps:          0       0       0       0       0       0       0       0       0       0       0       0       0       0       0       0       0
      Totals:         3       0       0       0       0       0       0       0       0       0       0       0       0       0       0       0       0
Total ram usage:        3 bytes
 Hardware stack levels used:    1
 This function calls:
		Nothing
 This function is called by:
		_pow
		_exp
 This function uses a non-reentrant model


 *************** function ___ftdiv *****************
 Defined at:
		line 54 in file "C:\Program Files (x86)\Microchip\xc8\v1.40\sources\common\ftdiv.c"
 Parameters:    Size  Location     Type
  f1              3    8[COMRAM] float 
  f2              3   11[COMRAM] float 
 Auto vars:     Size  Location     Type
  f3              3   18[COMRAM] float 
  sign            1   22[COMRAM] unsigned char 
  exp             1   21[COMRAM] unsigned char 
  cntr            1   17[COMRAM] unsigned char 
 Return value:  Size  Location     Type
                  3    8[COMRAM] float 
 Registers used:
		wreg, status,2, status,0, cstack
 Tracked objects:
		On entry : 
		On exit  : 
		Unchanged: 
 Data sizes:     COMRAM   BANK0   BANK1   BANK2   BANK3   BANK4   BANK5   BANK6   BANK7   BANK8   BANK9  BANK10  BANK11  BANK12  BANK13  BANK14  BANK15
      Params:         6       0       0       0       0       0       0       0       0       0       0       0       0       0       0       0       0
      Locals:         6       0       0       0       0       0       0       0       0       0       0       0       0       0       0       0       0
      Temps:          3       0       0       0       0       0       0       0       0       0       0       0       0       0       0       0       0
      Totals:        15       0       0       0       0       0       0       0       0       0       0       0       0       0       0       0       0
Total ram usage:       15 bytes
 Hardware stack levels used:    1
 Hardware stack levels required when called:    1
 This function calls:
		___ftpack
 This function is called by:
		_exp
 This function uses a non-reentrant model


 *************** function ___awtoft *****************
 Defined at:
		line 32 in file "C:\Program Files (x86)\Microchip\xc8\v1.40\sources\common\awtoft.c"
 Parameters:    Size  Location     Type
  c               2    8[COMRAM] int 
 Auto vars:     Size  Location     Type
  sign            1   11[COMRAM] unsigned char 
 Return value:  Size  Location     Type
                  3    8[COMRAM] float 
 Registers used:
		wreg, status,2, status,0, cstack
 Tracked objects:
		On entry : 
		On exit  : 
		Unchanged: 
 Data sizes:     COMRAM   BANK0   BANK1   BANK2   BANK3   BANK4   BANK5   BANK6   BANK7   BANK8   BANK9  BANK10  BANK11  BANK12  BANK13  BANK14  BANK15
[...]


 *************** function ___lwdiv *****************
 Defined at:
		line 8 in file "C:\Program Files (x86)\Microchip\xc8\v1.40\sources\common\lwdiv.c"
 Parameters:    Size  Location     Type
  dividend        2    0[COMRAM] unsigned int 
  divisor         2    2[COMRAM] unsigned int 
 Auto vars:     Size  Location     Type
  quotient        2    4[COMRAM] unsigned int 
  counter         1    6[COMRAM] unsigned char 
 Return value:  Size  Location     Type
                  2    0[COMRAM] unsigned int 
 Registers used:
		wreg, status,2, status,0
 Tracked objects:
		On entry : 
		On exit  : 
		Unchanged: 
 Data sizes:     COMRAM   BANK0   BANK1   BANK2   BANK3   BANK4   BANK5   BANK6   BANK7   BANK8   BANK9  BANK10  BANK11  BANK12  BANK13  BANK14  BANK15
      Params:         4       0       0       0       0       0       0       0       0       0       0       0       0       0       0       0       0
      Locals:         3       0       0       0       0       0       0       0       0       0       0       0       0       0       0       0       0
      Temps:          0       0       0       0       0       0       0       0       0       0       0       0       0       0       0       0       0
      Totals:         7       0       0       0       0       0       0       0       0       0       0       0       0       0       0       0       0
Total ram usage:        7 bytes
 Hardware stack levels used:    1
 This function calls:
		Nothing
 This function is called by:
		_printf
 This function uses a non-reentrant model


 *************** function _initLCD *****************
 Defined at:
		line 14 in file "lcd.c"
 Parameters:    Size  Location     Type
		None
 Auto vars:     Size  Location     Type
		None
 Return value:  Size  Location     Type
                  1    wreg      void 
 Registers used:
		wreg, status,2, status,0, cstack
 Tracked objects:
		On entry : 
		On exit  : 
		Unchanged: 
 Data sizes:     COMRAM   BANK0   BANK1   BANK2   BANK3   BANK4   BANK5   BANK6   BANK7   BANK8   BANK9  BANK10  BANK11  BANK12  BANK13  BANK14  BANK15
      Params:         0       0       0       0       0       0       0       0       0       0       0       0       0       0       0       0       0
      Locals:         0       0       0       0       0       0       0       0       0       0       0       0       0       0       0       0       0
      Temps:          1       0       0       0       0       0       0       0       0       0       0       0       0       0       0       0       0
      Totals:         1       0       0       0       0       0       0       0       0       0       0       0       0       0       0       0       0
Total ram usage:        1 bytes
 Hardware stack levels used:    1
 Hardware stack levels required when called:    2
 This function calls:
		_lcdInst
 This function is called by:
		_main
		_end_phase
		_time_difference
 This function uses a non-reentrant model


 *************** function _lcdInst *****************
 Defined at:
		line 26 in file "lcd.c"
 Parameters:    Size  Location     Type
  data            1    wreg     unsigned char 
 Auto vars:     Size  Location     Type
  data            1    2[COMRAM] unsigned char 
 Return value:  Size  Location     Type
                  1    wreg      void 
 Registers used:
		wreg, status,2, status,0, cstack
 Tracked objects:
		On entry : 
		On exit  : 
		Unchanged: 
 Data sizes:     COMRAM   BANK0   BANK1   BANK2   BANK3   BANK4   BANK5   BANK6   BANK7   BANK8   BANK9  BANK10  BANK11  BANK12  BANK13  BANK14  BANK15
      Params:         0       0       0       0       0       0       0       0       0       0       0       0       0       0       0       0       0
      Locals:         1       0       0       0       0       0       0       0       0       0       0       0       0       0       0       0       0
      Temps:          0       0       0       0       0       0       0       0       0       0       0       0       0       0       0       0       0
      Totals:         1       0       0       0       0       0       0       0       0       0       0       0       0       0       0       0       0
Total ram usage:        1 bytes
 Hardware stack levels used:    1
 Hardware stack levels required when called:    1
 This function calls:
		_lcdNibble
 This function is called by:
		_main
		_stand_by
		_end_phase
		_message
		_time_difference
		_initLCD
 This function uses a non-reentrant model


 *************** function _lcdNibble *****************
 Defined at:
		line 36 in file "lcd.c"
 Parameters:    Size  Location     Type
  data            1    wreg     unsigned char 
 Auto vars:     Size  Location     Type
  data            1    1[COMRAM] unsigned char 
  temp            1    0[COMRAM] unsigned char 
 Return value:  Size  Location     Type
                  1    wreg      void 
 Registers used:
		wreg, status,2, status,0
 Tracked objects:
		On entry : 
		On exit  : 
		Unchanged: 
 Data sizes:     COMRAM   BANK0   BANK1   BANK2   BANK3   BANK4   BANK5   BANK6   BANK7   BANK8   BANK9  BANK10  BANK11  BANK12  BANK13  BANK14  BANK15
      Params:         0       0       0       0       0       0       0       0       0       0       0       0       0       0       0       0       0
      Locals:         2       0       0       0       0       0       0       0       0       0       0       0       0       0       0       0       0
      Temps:          0       0       0       0       0       0       0       0       0       0       0       0       0       0       0       0       0
      Totals:         2       0       0       0       0       0       0       0       0       0       0       0       0       0       0       0       0
Total ram usage:        2 bytes
 Hardware stack levels used:    1
 This function calls:
		Nothing
 This function is called by:
		_lcdInst
		_putch
 This function uses a non-reentrant model


 *************** function ___awmod *****************
 Defined at:
		line 8 in file "C:\Program Files (x86)\Microchip\xc8\v1.40\sources\common\awmod.c"
 Parameters:    Size  Location     Type
  dividend        2    0[COMRAM] int 
  divisor         2    2[COMRAM] int 
 Auto vars:     Size  Location     Type
  sign            1    5[COMRAM] unsigned char 
  counter         1    4[COMRAM] unsigned char 
 Return value:  Size  Location     Type
                  2    0[COMRAM] int 
 Registers used:
		wreg, status,2, status,0
 Tracked objects:
		On entry : 
		On exit  : 
		Unchanged: 
 Data sizes:     COMRAM   BANK0   BANK1   BANK2   BANK3   BANK4   BANK5   BANK6   BANK7   BANK8   BANK9  BANK10  BANK11  BANK12  BANK13  BANK14  BANK15
      Params:         4       0       0       0       0       0       0       0       0       0       0       0       0       0       0       0       0
      Locals:         2       0       0       0       0       0       0       0       0       0       0       0       0       0       0       0       0
      Temps:          0       0       0       0       0       0       0       0       0       0       0       0       0       0       0       0       0
      Totals:         6       0       0       0       0       0       0       0       0       0       0       0       0       0       0       0       0
Total ram usage:        6 bytes
 Hardware stack levels used:    1
 This function calls:
		Nothing
 This function is called by:
		_end_phase
 This function uses a non-reentrant model


 *************** function ___awdiv *****************
 Defined at:
		line 8 in file "C:\Program Files (x86)\Microchip\xc8\v1.40\sources\common\awdiv.c"
 Parameters:    Size  Location     Type
  dividend        2    6[COMRAM] int 
  divisor         2    8[COMRAM] int 
 Auto vars:     Size  Location     Type
  quotient        2   12[COMRAM] int 
  sign            1   11[COMRAM] unsigned char 
  counter         1   10[COMRAM] unsigned char 
 Return value:  Size  Location     Type
                  2    6[COMRAM] int 
 Registers used:
		wreg, status,2, status,0
 Tracked objects:
		On entry : 
		On exit  : 
		Unchanged: 
 Data sizes:     COMRAM   BANK0   BANK1   BANK2   BANK3   BANK4   BANK5   BANK6   BANK7   BANK8   BANK9  BANK10  BANK11  BANK12  BANK13  BANK14  BANK15
      Params:         4       0       0       0       0       0       0       0       0       0       0       0       0       0       0       0       0
      Locals:         4       0       0       0       0       0       0       0       0       0       0       0       0       0       0       0       0
      Temps:          0       0       0       0       0       0       0       0       0       0       0       0       0       0       0       0       0
      Totals:         8       0       0       0       0       0       0       0       0       0       0       0       0       0       0       0       0
Total ram usage:        8 bytes
 Hardware stack levels used:    1
 This function calls:
		Nothing
 This function is called by:
		_end_phase
		_dec_to_hex
 This function uses a non-reentrant model


 *************** function _delay *****************
 Defined at:
		line 233 in file "main.c"
 Parameters:    Size  Location     Type
  seconds         2    0[COMRAM] int 
 Auto vars:     Size  Location     Type
  i               1    5[COMRAM] unsigned char 
  i               2    3[COMRAM] int 
 Return value:  Size  Location     Type
                  1    wreg      void 
 Registers used:
		wreg, status,2, status,0
 Tracked objects:
		On entry : 
		On exit  : 
		Unchanged: 
 Data sizes:     COMRAM   BANK0   BANK1   BANK2   BANK3   BANK4   BANK5   BANK6   BANK7   BANK8   BANK9  BANK10  BANK11  BANK12  BANK13  BANK14  BANK15
      Params:         2       0       0       0       0       0       0       0       0       0       0       0       0       0       0       0       0
      Locals:         3       0       0       0       0       0       0       0       0       0       0       0       0       0       0       0       0
      Temps:          1       0       0       0       0       0       0       0       0       0       0       0       0       0       0       0       0
      Totals:         6       0       0       0       0       0       0       0       0       0       0       0       0       0       0       0       0
Total ram usage:        6 bytes
 Hardware stack levels used:    1
 This function calls:
		Nothing
 This function is called by:
		_main
 This function uses a non-reentrant model


 *************** function _I2C_Master_Init *****************
 Defined at:
		line 13 in file "I2C.c"
 Parameters:    Size  Location     Type
  c               4   13[COMRAM] const unsigned long 
 Auto vars:     Size  Location     Type
		None
 Return value:  Size  Location     Type
                  1    wreg      void 
 Registers used:
		wreg, status,2, status,0, cstack
 Tracked objects:
		On entry : 
		On exit  : 
		Unchanged: 
 Data sizes:     COMRAM   BANK0   BANK1   BANK2   BANK3   BANK4   BANK5   BANK6   BANK7   BANK8   BANK9  BANK10  BANK11  BANK12  BANK13  BANK14  BANK15
      Params:         4       0       0       0       0       0       0       0       0       0       0       0       0       0       0       0       0
      Locals:         0       0       0       0       0       0       0       0       0       0       0       0       0       0       0       0       0
      Temps:          4       0       0       0       0       0       0       0       0       0       0       0       0       0       0       0       0
      Totals:         8       0       0       0       0       0       0       0       0       0       0       0       0       0       0       0       0
Total ram usage:        8 bytes
 Hardware stack levels used:    1
 Hardware stack levels required when called:    1
 This function calls:
		___lldiv
 This function is called by:
		_main
 This function uses a non-reentrant model


 *************** function ___lldiv *****************
 Defined at:
		line 8 in file "C:\Program Files (x86)\Microchip\xc8\v1.40\sources\common\lldiv.c"
 Parameters:    Size  Location     Type
  dividend        4    0[COMRAM] unsigned long 
  divisor         4    4[COMRAM] unsigned long 
 Auto vars:     Size  Location     Type
  quotient        4    8[COMRAM] unsigned long 
  counter         1   12[COMRAM] unsigned char 
 Return value:  Size  Location     Type
                  4    0[COMRAM] unsigned long 
 Registers used:
		wreg, status,2, status,0
 Tracked objects:
		On entry : 
		On exit  : 
		Unchanged: 
 Data sizes:     COMRAM   BANK0   BANK1   BANK2   BANK3   BANK4   BANK5   BANK6   BANK7   BANK8   BANK9  BANK10  BANK11  BANK12  BANK13  BANK14  BANK15
      Params:         8       0       0       0       0       0       0       0       0       0       0       0       0       0       0       0       0
      Locals:         5       0       0       0       0       0       0       0       0       0       0       0       0       0       0       0       0
      Temps:          0       0       0       0       0       0       0       0       0       0       0       0       0       0       0       0       0
      Totals:        13       0       0       0       0       0       0       0       0       0       0       0       0       0       0       0       0
Total ram usage:       13 bytes
 Hardware stack levels used:    1
 This function calls:
		Nothing
 This function is called by:
		_I2C_Master_Init
 This function uses a non-reentrant model



MODULE INFORMATION

Module		Function		Class		Link	Load	Size
C:\Program Files (x86)\Microchip\xc8\v1.40\sources\common\awtoft.c
		___awtoft      		CODE           	E2CA	0000	57

C:\Program Files (x86)\Microchip\xc8\v1.40\sources\common\awtoft.c estimated size: 57

C:\Program Files (x86)\Microchip\xc8\v1.40\sources\common\altoft.c
		___altoft      		CODE           	E64C	0000	121

C:\Program Files (x86)\Microchip\xc8\v1.40\sources\common\altoft.c estimated size: 121

C:\Program Files (x86)\Microchip\xc8\v1.40\sources\common\evalpoly.c
		_eval_poly     		CODE           	EB1C	0000	211

C:\Program Files (x86)\Microchip\xc8\v1.40\sources\common\evalpoly.c estimated size: 211

C:\Program Files (x86)\Microchip\xc8\v1.40\sources\common\ftneg.c
		___ftneg       		CODE           	E234	0000	37

C:\Program Files (x86)\Microchip\xc8\v1.40\sources\common\ftneg.c estimated size: 37

C:\Program Files (x86)\Microchip\xc8\v1.40\sources\common\doprnt.c
		_printf        		CODE           	FB32	0000	891

C:\Program Files (x86)\Microchip\xc8\v1.40\sources\common\doprnt.c estimated size: 891

C:\Program Files (x86)\Microchip\xc8\v1.40\sources\common\exp.c
		_exp           		CODE           	F766	0000	485

C:\Program Files (x86)\Microchip\xc8\v1.40\sources\common\exp.c estimated size: 485

C:\Program Files (x86)\Microchip\xc8\v1.40\sources\common\lltoft.c
		___lltoft      		CODE           	E50E	0000	93

C:\Program Files (x86)\Microchip\xc8\v1.40\sources\common\lltoft.c estimated size: 93

C:\Program Files (x86)\Microchip\xc8\v1.40\sources\common\ftsub.c
		___ftsub       		CODE           	E302	0000	65

C:\Program Files (x86)\Microchip\xc8\v1.40\sources\common\ftsub.c estimated size: 65

C:\Program Files (x86)\Microchip\xc8\v1.40\sources\common\float.c
		___ftpack      		CODE           	E8EA	0000	175

C:\Program Files (x86)\Microchip\xc8\v1.40\sources\common\float.c estimated size: 175

I2C.c
		_I2C_Master_Read		CODE           	E2A4	0000	39
		_I2C_Master_Wait		CODE           	E204	0000	19
		_I2C_Master_Init		CODE           	E4B4	0000	91
		_I2C_Master_Stop		CODE           	E1CC	0000	9
		_I2C_Master_Write		CODE           	E1D4	0000	11
		_I2C_Master_Start		CODE           	E1C4	0000	9

I2C.c estimated size: 178

C:\Program Files (x86)\Microchip\xc8\v1.40\sources\common\frexp.c
		_ldexp         		CODE           	EA5A	0000	195
		_frexp         		CODE           	E85A	0000	145

C:\Program Files (x86)\Microchip\xc8\v1.40\sources\common\frexp.c estimated size: 340

C:\Program Files (x86)\Microchip\xc8\v1.40\sources\common\log.c
		_log           		CODE           	F096	0000	283

C:\Program Files (x86)\Microchip\xc8\v1.40\sources\common\log.c estimated size: 283

C:\Program Files (x86)\Microchip\xc8\v1.40\sources\common\ftge.c
		___ftge        		CODE           	E7CA	0000	145

C:\Program Files (x86)\Microchip\xc8\v1.40\sources\common\ftge.c estimated size: 145

C:\Program Files (x86)\Microchip\xc8\v1.40\sources\common\floor.c
		_floor         		CODE           	EBEE	0000	223

C:\Program Files (x86)\Microchip\xc8\v1.40\sources\common\floor.c estimated size: 223

C:\Program Files (x86)\Microchip\xc8\v1.40\sources\common\Umul16.c
		___wmul        		CODE           	E258	0000	39

C:\Program Files (x86)\Microchip\xc8\v1.40\sources\common\Umul16.c estimated size: 39

C:\Program Files (x86)\Microchip\xc8\v1.40\sources\common\lwmod.c
		___lwmod       		CODE           	E342	0000	67

C:\Program Files (x86)\Microchip\xc8\v1.40\sources\common\lwmod.c estimated size: 67

C:\Program Files (x86)\Microchip\xc8\v1.40\sources\common\ftmul.c
		___ftmul       		CODE           	EDB2	0000	245

C:\Program Files (x86)\Microchip\xc8\v1.40\sources\common\ftmul.c estimated size: 245

C:\Program Files (x86)\Microchip\xc8\v1.40\sources\common\awmod.c
		___awmod       		CODE           	E56A	0000	113

C:\Program Files (x86)\Microchip\xc8\v1.40\sources\common\awmod.c estimated size: 113

C:\Program Files (x86)\Microchip\xc8\v1.40\sources\common\ftdiv.c
		___ftdiv       		CODE           	ECCC	0000	231

C:\Program Files (x86)\Microchip\xc8\v1.40\sources\common\ftdiv.c estimated size: 231

C:\Program Files (x86)\Microchip\xc8\v1.40\sources\common\pow.c
		_pow           		CODE           	F448	0000	371

C:\Program Files (x86)\Microchip\xc8\v1.40\sources\common\pow.c estimated size: 371

C:\Program Files (x86)\Microchip\xc8\v1.40\sources\common\isdigit.c
		_isdigit       		CODE           	E216	0000	31

C:\Program Files (x86)\Microchip\xc8\v1.40\sources\common\isdigit.c estimated size: 31

shared
		exp@coeff      		MEDIUMCONST    	FED7	0000	31
		_dpowers       		MEDIUMCONST    	FEBE	0000	11
		_keys          		MEDIUMCONST    	FEAD	0000	18
		__initialization		CODE           	E1F6	0000	5
		_hexpowers     		MEDIUMCONST    	FEC8	0000	9
		log@coeff      		MEDIUMCONST    	FEF5	0000	28
		_happynewyear  		MEDIUMCONST    	FED0	0000	8

shared estimated size: 110

lcd.c
		_putch         		CODE           	E1EA	0000	13
		_lcdInst       		CODE           	E1DE	0000	13
		_lcdNibble     		CODE           	E414	0000	79
		_initLCD       		CODE           	E3C8	0000	77

lcd.c estimated size: 182

C:\Program Files (x86)\Microchip\xc8\v1.40\sources\common\fttol.c
		___fttol       		CODE           	EEA6	0000	245

C:\Program Files (x86)\Microchip\xc8\v1.40\sources\common\fttol.c estimated size: 245

C:\Program Files (x86)\Microchip\xc8\v1.40\sources\common\lwdiv.c
		___lwdiv       		CODE           	E462	0000	83

C:\Program Files (x86)\Microchip\xc8\v1.40\sources\common\lwdiv.c estimated size: 83

C:\Program Files (x86)\Microchip\xc8\v1.40\sources\common\awdiv.c
		___awdiv       		CODE           	E746	0000	133

C:\Program Files (x86)\Microchip\xc8\v1.40\sources\common\awdiv.c estimated size: 133

main.c
		_delay         		CODE           	E384	0000	69
		_dec_to_hex    		CODE           	EF9A	0000	253
		_main          		CODE           	F2EC	0000	349
		_update_time   		CODE           	E5DA	0000	115
		_time_difference		CODE           	F1B0	0000	317
		_stand_by      		CODE           	E998	0000	195
		_end_phase     		CODE           	F94A	0000	489
		_message       		CODE           	E27E	0000	39

main.c estimated size: 1826

C:\Program Files (x86)\Microchip\xc8\v1.40\sources\common\ftadd.c
		___ftadd       		CODE           	F5BA	0000	429

C:\Program Files (x86)\Microchip\xc8\v1.40\sources\common\ftadd.c estimated size: 429

C:\Program Files (x86)\Microchip\xc8\v1.40\sources\common\lldiv.c
		___lldiv       		CODE           	E6C4	0000	131

C:\Program Files (x86)\Microchip\xc8\v1.40\sources\common\lldiv.c estimated size: 131

